Component: ARM Compiler 5.06 update 6 (build 750) Tool: armlink [4d35ed]

==============================================================================

Section Cross References

    uart.o(i.UART1_Config) refers to stm32f4xx_rcc.o(i.RCC_AHB1PeriphClockCmd) for RCC_AHB1PeriphClockCmd
    uart.o(i.UART1_Config) refers to stm32f4xx_rcc.o(i.RCC_APB2PeriphClockCmd) for RCC_APB2PeriphClockCmd
    uart.o(i.UART1_Config) refers to stm32f4xx_gpio.o(i.GPIO_Init) for GPIO_Init
    uart.o(i.UART1_Config) refers to stm32f4xx_gpio.o(i.GPIO_PinAFConfig) for GPIO_PinAFConfig
    uart.o(i.UART1_Config) refers to stm32f4xx_usart.o(i.USART_Init) for USART_Init
    uart.o(i.UART1_Config) refers to stm32f4xx_usart.o(i.USART_ITConfig) for USART_ITConfig
    uart.o(i.UART1_Config) refers to misc.o(i.NVIC_Init) for NVIC_Init
    uart.o(i.UART1_Config) refers to stm32f4xx_usart.o(i.USART_Cmd) for USART_Cmd
    uart.o(i.UART2_Config) refers to stm32f4xx_rcc.o(i.RCC_APB1PeriphClockCmd) for RCC_APB1PeriphClockCmd
    uart.o(i.UART2_Config) refers to stm32f4xx_rcc.o(i.RCC_AHB1PeriphClockCmd) for RCC_AHB1PeriphClockCmd
    uart.o(i.UART2_Config) refers to stm32f4xx_gpio.o(i.GPIO_PinAFConfig) for GPIO_PinAFConfig
    uart.o(i.UART2_Config) refers to stm32f4xx_gpio.o(i.GPIO_Init) for GPIO_Init
    uart.o(i.UART2_Config) refers to stm32f4xx_usart.o(i.USART_Init) for USART_Init
    uart.o(i.UART2_Config) refers to misc.o(i.NVIC_Init) for NVIC_Init
    uart.o(i.UART2_Config) refers to stm32f4xx_usart.o(i.USART_ITConfig) for USART_ITConfig
    uart.o(i.UART2_Config) refers to stm32f4xx_usart.o(i.USART_Cmd) for USART_Cmd
    uart.o(i.UART3_Config) refers to stm32f4xx_rcc.o(i.RCC_AHB1PeriphClockCmd) for RCC_AHB1PeriphClockCmd
    uart.o(i.UART3_Config) refers to stm32f4xx_rcc.o(i.RCC_APB1PeriphClockCmd) for RCC_APB1PeriphClockCmd
    uart.o(i.UART3_Config) refers to stm32f4xx_gpio.o(i.GPIO_PinAFConfig) for GPIO_PinAFConfig
    uart.o(i.UART3_Config) refers to stm32f4xx_gpio.o(i.GPIO_Init) for GPIO_Init
    uart.o(i.UART3_Config) refers to stm32f4xx_usart.o(i.USART_Init) for USART_Init
    uart.o(i.UART3_Config) refers to misc.o(i.NVIC_Init) for NVIC_Init
    uart.o(i.UART3_Config) refers to stm32f4xx_usart.o(i.USART_Cmd) for USART_Cmd
    uart.o(i.UART3_Config) refers to stm32f4xx_usart.o(i.USART_ITConfig) for USART_ITConfig
    uart.o(i.USART1_IRQHandler) refers to stm32f4xx_usart.o(i.USART_GetITStatus) for USART_GetITStatus
    uart.o(i.USART1_IRQHandler) refers to stm32f4xx_usart.o(i.USART_ClearITPendingBit) for USART_ClearITPendingBit
    uart.o(i.USART1_IRQHandler) refers to stm32f4xx_usart.o(i.USART_ReceiveData) for USART_ReceiveData
    uart.o(i.USART1_IRQHandler) refers to stm32f4xx_gpio.o(i.GPIO_ToggleBits) for GPIO_ToggleBits
    uart.o(i.USART1_IRQHandler) refers to strcmp.o(.text) for strcmp
    uart.o(i.USART1_IRQHandler) refers to stm32f4xx_usart.o(i.USART_SendData) for USART_SendData
    uart.o(i.USART1_IRQHandler) refers to uart.o(.data) for rxd_data
    uart.o(i.USART1_IRQHandler) refers to uart.o(.bss) for rxd_str
    uart.o(i.USART2_IRQHandler) refers to stm32f4xx_usart.o(i.USART_GetITStatus) for USART_GetITStatus
    uart.o(i.USART2_IRQHandler) refers to stm32f4xx_usart.o(i.USART_ClearITPendingBit) for USART_ClearITPendingBit
    uart.o(i.USART2_IRQHandler) refers to stm32f4xx_usart.o(i.USART_ReceiveData) for USART_ReceiveData
    uart.o(i.USART2_IRQHandler) refers to printfa.o(i.__0sprintf) for __2sprintf
    uart.o(i.USART2_IRQHandler) refers to uart.o(i.Usart_SendString) for Usart_SendString
    uart.o(i.USART2_IRQHandler) refers to uart.o(.data) for rxd_data2
    uart.o(i.USART2_IRQHandler) refers to uart.o(.bss) for r_data2
    uart.o(i.Usart_SendArray) refers to uart.o(i.Usart_SendByte) for Usart_SendByte
    uart.o(i.Usart_SendArray) refers to stm32f4xx_usart.o(i.USART_GetFlagStatus) for USART_GetFlagStatus
    uart.o(i.Usart_SendByte) refers to stm32f4xx_usart.o(i.USART_SendData) for USART_SendData
    uart.o(i.Usart_SendByte) refers to stm32f4xx_usart.o(i.USART_GetFlagStatus) for USART_GetFlagStatus
    uart.o(i.Usart_SendBytes) refers to stm32f4xx_usart.o(i.USART_SendData) for USART_SendData
    uart.o(i.Usart_SendBytes) refers to stm32f4xx_usart.o(i.USART_GetFlagStatus) for USART_GetFlagStatus
    uart.o(i.Usart_SendBytes) refers to stm32f4xx_usart.o(i.USART_ClearFlag) for USART_ClearFlag
    uart.o(i.Usart_SendHalfWord) refers to stm32f4xx_usart.o(i.USART_SendData) for USART_SendData
    uart.o(i.Usart_SendHalfWord) refers to stm32f4xx_usart.o(i.USART_GetFlagStatus) for USART_GetFlagStatus
    uart.o(i.Usart_SendString) refers to uart.o(i.Usart_SendByte) for Usart_SendByte
    uart.o(i.Usart_SendString) refers to stm32f4xx_usart.o(i.USART_GetFlagStatus) for USART_GetFlagStatus
    uart.o(i.fgetc) refers to stm32f4xx_usart.o(i.USART_GetFlagStatus) for USART_GetFlagStatus
    uart.o(i.fgetc) refers to stm32f4xx_usart.o(i.USART_ReceiveData) for USART_ReceiveData
[...]
    ..\HardWare\ADC.c                        0x00000000   Number         0  adc.o ABSOLUTE
    ..\HardWare\DHT11.c                      0x00000000   Number         0  dht11.o ABSOLUTE
    ..\HardWare\DUOJI.c                      0x00000000   Number         0  duoji.o ABSOLUTE
    ..\HardWare\GPIOO.c                      0x00000000   Number         0  gpioo.o ABSOLUTE
    ..\HardWare\HARDIIC.c                    0x00000000   Number         0  hardiic.o ABSOLUTE
    ..\HardWare\OLED.c                       0x00000000   Number         0  oled.o ABSOLUTE
    ..\HardWare\OLEDFONT.c                   0x00000000   Number         0  oledfont.o ABSOLUTE
    ..\HardWare\key.c                        0x00000000   Number         0  key.o ABSOLUTE
    ..\HardWare\led.c                        0x00000000   Number         0  led.o ABSOLUTE
    ..\HardWare\light_adc.c                  0x00000000   Number         0  light_adc.o ABSOLUTE
    ..\HardWare\tim.c                        0x00000000   Number         0  tim.o ABSOLUTE
    ..\HardWare\uart.c                       0x00000000   Number         0  uart.o ABSOLUTE
    ..\Libraries\CMSIS\Device\ST\STM32F4xx\Source\Templates\arm\startup_stm32f40_41xxx.s 0x00000000   Number         0  startup_stm32f40_41xxx.o ABSOLUTE
    ..\Libraries\CMSIS\Device\ST\STM32F4xx\Source\Templates\system_stm32f4xx.c 0x00000000   Number         0  system_stm32f4xx.o ABSOLUTE
    ..\Libraries\STM32F4xx_StdPeriph_Driver\src\misc.c 0x00000000   Number         0  misc.o ABSOLUTE
    ..\Libraries\STM32F4xx_StdPeriph_Driver\src\stm32f4xx_adc.c 0x00000000   Number         0  stm32f4xx_adc.o ABSOLUTE
    ..\Libraries\STM32F4xx_StdPeriph_Driver\src\stm32f4xx_exti.c 0x00000000   Number         0  stm32f4xx_exti.o ABSOLUTE
    ..\Libraries\STM32F4xx_StdPeriph_Driver\src\stm32f4xx_gpio.c 0x00000000   Number         0  stm32f4xx_gpio.o ABSOLUTE
    ..\Libraries\STM32F4xx_StdPeriph_Driver\src\stm32f4xx_i2c.c 0x00000000   Number         0  stm32f4xx_i2c.o ABSOLUTE
    ..\Libraries\STM32F4xx_StdPeriph_Driver\src\stm32f4xx_iwdg.c 0x00000000   Number         0  stm32f4xx_iwdg.o ABSOLUTE
    ..\Libraries\STM32F4xx_StdPeriph_Driver\src\stm32f4xx_pwr.c 0x00000000   Number         0  stm32f4xx_pwr.o ABSOLUTE
    ..\Libraries\STM32F4xx_StdPeriph_Driver\src\stm32f4xx_rcc.c 0x00000000   Number         0  stm32f4xx_rcc.o ABSOLUTE
    ..\Libraries\STM32F4xx_StdPeriph_Driver\src\stm32f4xx_rtc.c 0x00000000   Number         0  stm32f4xx_rtc.o ABSOLUTE
    ..\Libraries\STM32F4xx_StdPeriph_Driver\src\stm32f4xx_syscfg.c 0x00000000   Number         0  stm32f4xx_syscfg.o ABSOLUTE
    ..\Libraries\STM32F4xx_StdPeriph_Driver\src\stm32f4xx_tim.c 0x00000000   Number         0  stm32f4xx_tim.o ABSOLUTE
    ..\Libraries\STM32F4xx_StdPeriph_Driver\src\stm32f4xx_usart.c 0x00000000   Number         0  stm32f4xx_usart.o ABSOLUTE
    ..\Libraries\STM32F4xx_StdPeriph_Driver\src\stm32f4xx_wwdg.c 0x00000000   Number         0  stm32f4xx_wwdg.o ABSOLUTE
    ..\Net\esp8266.c                         0x00000000   Number         0  esp8266.o ABSOLUTE
    ..\Net\mqtt.c                            0x00000000   Number         0  mqtt.o ABSOLUTE
    ..\System\systick.c                      0x00000000   Number         0  systick.o ABSOLUTE
    ..\\HardWare\\ADC.c                      0x00000000   Number         0  adc.o ABSOLUTE
    ..\\HardWare\\DHT11.c                    0x00000000   Number         0  dht11.o ABSOLUTE
    ..\\HardWare\\DUOJI.c                    0x00000000   Number         0  duoji.o ABSOLUTE
    ..\\HardWare\\GPIOO.c                    0x00000000   Number         0  gpioo.o ABSOLUTE
    ..\\HardWare\\HARDIIC.c                  0x00000000   Number         0  hardiic.o ABSOLUTE
    ..\\HardWare\\OLED.c                     0x00000000   Number         0  oled.o ABSOLUTE
    ..\\HardWare\\key.c                      0x00000000   Number         0  key.o ABSOLUTE
    ..\\HardWare\\led.c                      0x00000000   Number         0  led.o ABSOLUTE
    ..\\HardWare\\light_adc.c                0x00000000   Number         0  light_adc.o ABSOLUTE
    ..\\HardWare\\tim.c                      0x00000000   Number         0  tim.o ABSOLUTE
    ..\\HardWare\\uart.c                     0x00000000   Number         0  uart.o ABSOLUTE
    ..\\Libraries\\CMSIS\\Device\\ST\\STM32F4xx\\Source\\Templates\\system_stm32f4xx.c 0x00000000   Number         0  system_stm32f4xx.o ABSOLUTE
    ..\\Libraries\\STM32F4xx_StdPeriph_Driver\\src\\misc.c 0x00000000   Number         0  misc.o ABSOLUTE
    ..\\Libraries\\STM32F4xx_StdPeriph_Driver\\src\\stm32f4xx_adc.c 0x00000000   Number         0  stm32f4xx_adc.o ABSOLUTE
    ..\\Libraries\\STM32F4xx_StdPeriph_Driver\\src\\stm32f4xx_exti.c 0x00000000   Number         0  stm32f4xx_exti.o ABSOLUTE
    ..\\Libraries\\STM32F4xx_StdPeriph_Driver\\src\\stm32f4xx_gpio.c 0x00000000   Number         0  stm32f4xx_gpio.o ABSOLUTE
    ..\\Libraries\\STM32F4xx_StdPeriph_Driver\\src\\stm32f4xx_i2c.c 0x00000000   Number         0  stm32f4xx_i2c.o ABSOLUTE
    ..\\Libraries\\STM32F4xx_StdPeriph_Driver\\src\\stm32f4xx_iwdg.c 0x00000000   Number         0  stm32f4xx_iwdg.o ABSOLUTE
    ..\\Libraries\\STM32F4xx_StdPeriph_Driver\\src\\stm32f4xx_pwr.c 0x00000000   Number         0  stm32f4xx_pwr.o ABSOLUTE
    ..\\Libraries\\STM32F4xx_StdPeriph_Driver\\src\\stm32f4xx_rcc.c 0x00000000   Number         0  stm32f4xx_rcc.o ABSOLUTE
    ..\\Libraries\\STM32F4xx_StdPeriph_Driver\\src\\stm32f4xx_rtc.c 0x00000000   Number         0  stm32f4xx_rtc.o ABSOLUTE
    ..\\Libraries\\STM32F4xx_StdPeriph_Driver\\src\\stm32f4xx_syscfg.c 0x00000000   Number         0  stm32f4xx_syscfg.o ABSOLUTE
    ..\\Libraries\\STM32F4xx_StdPeriph_Driver\\src\\stm32f4xx_tim.c 0x00000000   Number         0  stm32f4xx_tim.o ABSOLUTE
    ..\\Libraries\\STM32F4xx_StdPeriph_Driver\\src\\stm32f4xx_usart.c 0x00000000   Number         0  stm32f4xx_usart.o ABSOLUTE
    ..\\Libraries\\STM32F4xx_StdPeriph_Driver\\src\\stm32f4xx_wwdg.c 0x00000000   Number         0  stm32f4xx_wwdg.o ABSOLUTE
    ..\\Net\\esp8266.c                       0x00000000   Number         0  esp8266.o ABSOLUTE
    ..\\Net\\mqtt.c                          0x00000000   Number         0  mqtt.o ABSOLUTE
    ..\\System\\systick.c                    0x00000000   Number         0  systick.o ABSOLUTE
    cdrcmple.s                               0x00000000   Number         0  cdrcmple.o ABSOLUTE
    dc.s                                     0x00000000   Number         0  dc.o ABSOLUTE
    handlers.s                               0x00000000   Number         0  handlers.o ABSOLUTE
    init.s                                   0x00000000   Number         0  init.o ABSOLUTE
    main.c                                   0x00000000   Number         0  main.o ABSOLUTE
    main.c                                   0x00000000   Number         0  main.o ABSOLUTE
    stm32f4xx_it.c                           0x00000000   Number         0  stm32f4xx_it.o ABSOLUTE
    stm32f4xx_it.c                           0x00000000   Number         0  stm32f4xx_it.o ABSOLUTE
    RESET                                    0x08000000   Section      392  startup_stm32f40_41xxx.o(RESET)
    .ARM.Collect$$$$00000000                 0x08000188   Section        0  entry.o(.ARM.Collect$$$$00000000)
    .ARM.Collect$$$$00000001                 0x08000188   Section        4  entry2.o(.ARM.Collect$$$$00000001)
    .ARM.Collect$$$$00000004                 0x0800018c   Section        4  entry5.o(.ARM.Collect$$$$00000004)
    .ARM.Collect$$$$00000008                 0x08000190   Section        0  entry7b.o(.ARM.Collect$$$$00000008)
    .ARM.Collect$$$$0000000A                 0x08000190   Section        0  entry8b.o(.ARM.Collect$$$$0000000A)
    .ARM.Collect$$$$0000000B                 0x08000190   Section        8  entry9a.o(.ARM.Collect$$$$0000000B)
    .ARM.Collect$$$$0000000D                 0x08000198   Section        0  entry10a.o(.ARM.Collect$$$$0000000D)
    .ARM.Collect$$$$0000000F                 0x08000198   Section        0  entry11a.o(.ARM.Collect$$$$0000000F)
    .ARM.Collect$$$$00002712                 0x08000198   Section        4  entry2.o(.ARM.Collect$$$$00002712)
    __lit__00000000                          0x08000198   Data           4  entry2.o(.ARM.Collect$$$$00002712)
    .text                                    0x0800019c   Section       36  startup_stm32f40_41xxx.o(.text)
    $v0                                      0x0800019c   Number         0  startup_stm32f40_41xxx.o(.text)
    .text                                    0x080001c0   Section        0  memcpya.o(.text)
    .text                                    0x080001e4   Section        0  memseta.o(.text)
    .text                                    0x08000208   Section        0  strstr.o(.text)
    .text                                    0x0800022c   Section        0  strncpy.o(.text)
    .text                                    0x08000244   Section        0  strchr.o(.text)
    .text                                    0x08000258   Section        0  strlen.o(.text)
    .text                                    0x08000266   Section        0  strcmp.o(.text)
    .text                                    0x08000282   Section        0  strncmp.o(.text)
    .text                                    0x080002a0   Section        0  dadd.o(.text)
    .text                                    0x080003ee   Section        0  dmul.o(.text)
    .text                                    0x080004d2   Section        0  ddiv.o(.text)
    .text                                    0x080005b0   Section        0  dfltui.o(.text)
    .text                                    0x080005ca   Section        0  f2d.o(.text)
    .text                                    0x080005f0   Section        0  d2f.o(.text)
    .text                                    0x08000628   Section        0  uidiv.o(.text)
    .text                                    0x08000654   Section        0  uldiv.o(.text)
    .text                                    0x080006b6   Section        0  llshl.o(.text)
    .text                                    0x080006d4   Section        0  llsshr.o(.text)
    .text                                    0x080006f8   Section        0  fepilogue.o(.text)
    .text                                    0x080006f8   Section        0  iusefp.o(.text)
    .text                                    0x08000766   Section        0  depilogue.o(.text)
    .text                                    0x08000820   Section        0  dfixul.o(.text)
    .text                                    0x08000850   Section       48  cdrcmple.o(.text)
    .text                                    0x08000880   Section       36  init.o(.text)
    .text                                    0x080008a4   Section        0  llushr.o(.text)
    i.ADC3_Config                            0x080008c4   Section        0  adc.o(i.ADC3_Config)
    i.ADC_Cmd                                0x08000934   Section        0  stm32f4xx_adc.o(i.ADC_Cmd)
    i.ADC_CommonInit                         0x0800094c   Section        0  stm32f4xx_adc.o(i.ADC_CommonInit)
    i.ADC_DiscModeChannelCountConfig         0x0800097c   Section        0  stm32f4xx_adc.o(i.ADC_DiscModeChannelCountConfig)
    i.ADC_DiscModeCmd                        0x08000994   Section        0  stm32f4xx_adc.o(i.ADC_DiscModeCmd)
    i.ADC_GetConversionValue                 0x080009aa   Section        0  stm32f4xx_adc.o(i.ADC_GetConversionValue)
    i.ADC_GetFlagStatus                      0x080009b2   Section        0  stm32f4xx_adc.o(i.ADC_GetFlagStatus)
    i.ADC_Init                               0x080009c4   Section        0  stm32f4xx_adc.o(i.ADC_Init)
    i.ADC_LIGHT_OPEN_CLOSE                   0x08000a18   Section        0  duoji.o(i.ADC_LIGHT_OPEN_CLOSE)
    i.ADC_RegularChannelConfig               0x08000a94   Section        0  stm32f4xx_adc.o(i.ADC_RegularChannelConfig)
    i.ADC_SoftwareStartConv                  0x08000b4c   Section        0  stm32f4xx_adc.o(i.ADC_SoftwareStartConv)
    i.BusFault_Handler                       0x08000b56   Section        0  stm32f4xx_it.o(i.BusFault_Handler)
    i.DCMI_D5_pinB6                          0x08000b5c   Section        0  gpioo.o(i.DCMI_D5_pinB6)
    i.DCMI_D7_pine6                          0x08000b84   Section        0  gpioo.o(i.DCMI_D7_pine6)
    i.DHT11_Config                           0x08000bac   Section        0  dht11.o(i.DHT11_Config)
    i.DHT11_Mode_IPU                         0x08000bd8   Section        0  dht11.o(i.DHT11_Mode_IPU)
    DHT11_Mode_IPU                           0x08000bd9   Thumb Code    30  dht11.o(i.DHT11_Mode_IPU)
    i.DHT11_Mode_Out_PP                      0x08000bfc   Section        0  dht11.o(i.DHT11_Mode_Out_PP)
    DHT11_Mode_Out_PP                        0x08000bfd   Thumb Code    30  dht11.o(i.DHT11_Mode_Out_PP)
    i.DUOJI_NI                               0x08000c20   Section        0  duoji.o(i.DUOJI_NI)
    i.DUOJI_SHUN                             0x08000c30   Section        0  duoji.o(i.DUOJI_SHUN)
    i.DUOJI_STOP                             0x08000c40   Section        0  duoji.o(i.DUOJI_STOP)
    i.DUOJI_pin                              0x08000c50   Section        0  gpioo.o(i.DUOJI_pin)
    i.DebugMon_Handler                       0x08000ce4   Section        0  stm32f4xx_it.o(i.DebugMon_Handler)
    i.Delay_us                               0x08000ce8   Section        0  systick.o(i.Delay_us)
    i.ESP8266_ConnectServer                  0x08000d00   Section        0  esp8266.o(i.ESP8266_ConnectServer)
    i.ESP8266_ExitUnvarnishedTrans           0x08000d78   Section        0  esp8266.o(i.ESP8266_ExitUnvarnishedTrans)
    i.ESP8266_Init                           0x08000d9c   Section        0  esp8266.o(i.ESP8266_Init)
    i.ESP8266_OpenTransmission               0x08001010   Section        0  esp8266.o(i.ESP8266_OpenTransmission)
    i.ESP8266_SendCmd                        0x08001050   Section        0  esp8266.o(i.ESP8266_SendCmd)
    i.ESP8266_WaitRecive                     0x0800109c   Section        0  esp8266.o(i.ESP8266_WaitRecive)
    i.ESP8266_memset_RecvBuff                0x080010d0   Section        0  esp8266.o(i.ESP8266_memset_RecvBuff)
    i.GET_light                              0x08001108   Section        0  adc.o(i.GET_light)
    i.GPIO_Init                              0x0800117c   Section        0  stm32f4xx_gpio.o(i.GPIO_Init)
    i.GPIO_PinAFConfig                       0x0800120c   Section        0  stm32f4xx_gpio.o(i.GPIO_PinAFConfig)
    i.GPIO_ReadInputDataBit                  0x08001252   Section        0  stm32f4xx_gpio.o(i.GPIO_ReadInputDataBit)
    i.GPIO_ResetBits                         0x08001264   Section        0  stm32f4xx_gpio.o(i.GPIO_ResetBits)
    i.GPIO_SetBits                           0x08001268   Section        0  stm32f4xx_gpio.o(i.GPIO_SetBits)
    i.GPIO_ToggleBits                        0x0800126c   Section        0  stm32f4xx_gpio.o(i.GPIO_ToggleBits)
    i.GetLux                                 0x08001274   Section        0  light_adc.o(i.GetLux)
    i.Get_Adc                                0x080012c8   Section        0  adc.o(i.Get_Adc)
    i.Get_Conversion_value                   0x0800130c   Section        0  adc.o(i.Get_Conversion_value)
    i.HardFault_Handler                      0x08001360   Section        0  stm32f4xx_it.o(i.HardFault_Handler)
    i.I2C_CheckEvent                         0x08001364   Section        0  stm32f4xx_i2c.o(i.I2C_CheckEvent)
    i.I2C_Cmd                                0x0800138e   Section        0  stm32f4xx_i2c.o(i.I2C_Cmd)
    i.I2C_GenerateSTART                      0x080013a6   Section        0  stm32f4xx_i2c.o(i.I2C_GenerateSTART)
    i.I2C_GenerateSTOP                       0x080013be   Section        0  stm32f4xx_i2c.o(i.I2C_GenerateSTOP)
    i.I2C_Init                               0x080013d8   Section        0  stm32f4xx_i2c.o(i.I2C_Init)
    i.I2C_Send7bitAddress                    0x080014c0   Section        0  stm32f4xx_i2c.o(i.I2C_Send7bitAddress)
    i.I2C_SendData                           0x080014d0   Section        0  stm32f4xx_i2c.o(i.I2C_SendData)
    i.I2C_StructInit                         0x080014d4   Section        0  stm32f4xx_i2c.o(i.I2C_StructInit)
    i.KEY_config                             0x080014f4   Section        0  key.o(i.KEY_config)
    i.LED_config                             0x0800151c   Section        0  led.o(i.LED_config)
    i.LED_pin                                0x0800155c   Section        0  gpioo.o(i.LED_pin)
    i.MQTT_Clear                             0x08001594   Section        0  mqtt.o(i.MQTT_Clear)
    i.MQTT_Connect                           0x080015b8   Section        0  mqtt.o(i.MQTT_Connect)
    i.MQTT_Disconnect                        0x08001780   Section        0  mqtt.o(i.MQTT_Disconnect)
    i.MQTT_PublicTopic                       0x080017a0   Section        0  mqtt.o(i.MQTT_PublicTopic)
    i.MQTT_RX_DATE_DEAL                      0x080018f4   Section        0  esp8266.o(i.MQTT_RX_DATE_DEAL)
    i.MQTT_SendData                          0x08001980   Section        0  mqtt.o(i.MQTT_SendData)
    i.MQTT_SubscribeTopic                    0x08001998   Section        0  mqtt.o(i.MQTT_SubscribeTopic)
    i.MQTT_UNSubscribeTopic                  0x08001aa4   Section        0  mqtt.o(i.MQTT_UNSubscribeTopic)
    i.MemManage_Handler                      0x08001ba8   Section        0  stm32f4xx_it.o(i.MemManage_Handler)
    i.NMI_Handler                            0x08001bac   Section        0  stm32f4xx_it.o(i.NMI_Handler)
    i.NVIC_Init                              0x08001bb0   Section        0  misc.o(i.NVIC_Init)
    i.OLED_Clear                             0x08001c28   Section        0  oled.o(i.OLED_Clear)
    i.OLED_Refresh                           0x08001c58   Section        0  oled.o(i.OLED_Refresh)
    i.OLED_ShowChar                          0x08001c6c   Section        0  oled.o(i.OLED_ShowChar)
    i.OLED_ShowChinese                       0x08001cd0   Section        0  oled.o(i.OLED_ShowChinese)
    i.OLED_ShowChineseString                 0x08001d28   Section        0  oled.o(i.OLED_ShowChineseString)
    i.OLED_ShowString                        0x08001d90   Section        0  oled.o(i.OLED_ShowString)
    i.OLED_WR_Data                           0x08001de4   Section        0  oled.o(i.OLED_WR_Data)
    i.PWM_TIM3_CH1                           0x08001eac   Section        0  duoji.o(i.PWM_TIM3_CH1)
    i.PendSV_Handler                         0x08001f50   Section        0  stm32f4xx_it.o(i.PendSV_Handler)
    i.RCC_AHB1PeriphClockCmd                 0x08001f54   Section        0  stm32f4xx_rcc.o(i.RCC_AHB1PeriphClockCmd)
    i.RCC_APB1PeriphClockCmd                 0x08001f74   Section        0  stm32f4xx_rcc.o(i.RCC_APB1PeriphClockCmd)
    i.RCC_APB2PeriphClockCmd                 0x08001f94   Section        0  stm32f4xx_rcc.o(i.RCC_APB2PeriphClockCmd)
    i.RCC_GetClocksFreq                      0x08001fb4   Section        0  stm32f4xx_rcc.o(i.RCC_GetClocksFreq)
    i.Read_Byte                              0x0800209c   Section        0  dht11.o(i.Read_Byte)
    Read_Byte                                0x0800209d   Thumb Code    96  dht11.o(i.Read_Byte)
    i.Read_DHT11                             0x08002100   Section        0  dht11.o(i.Read_DHT11)
    i.SVC_Handler                            0x080021d8   Section        0  stm32f4xx_it.o(i.SVC_Handler)
    i.SetSysClock                            0x080021dc   Section        0  system_stm32f4xx.o(i.SetSysClock)
    SetSysClock                              0x080021dd   Thumb Code   220  system_stm32f4xx.o(i.SetSysClock)
    i.SysTick_Handler                        0x080022c8   Section        0  stm32f4xx_it.o(i.SysTick_Handler)
    i.SysTick_Init                           0x080022d0   Section        0  systick.o(i.SysTick_Init)
    i.SystemInit                             0x08002338   Section        0  system_stm32f4xx.o(i.SystemInit)
    i.TIM6_DAC_IRQHandler                    0x080023a0   Section        0  tim.o(i.TIM6_DAC_IRQHandler)
    i.TIM_ARRPreloadConfig                   0x080023d8   Section        0  stm32f4xx_tim.o(i.TIM_ARRPreloadConfig)
    i.TIM_ClearITPendingBit                  0x080023f0   Section        0  stm32f4xx_tim.o(i.TIM_ClearITPendingBit)
    i.TIM_Cmd                                0x080023f6   Section        0  stm32f4xx_tim.o(i.TIM_Cmd)
    i.TIM_GetITStatus                        0x0800240e   Section        0  stm32f4xx_tim.o(i.TIM_GetITStatus)
    i.TIM_OC1Init                            0x08002430   Section        0  stm32f4xx_tim.o(i.TIM_OC1Init)
    i.TIM_OC1PreloadConfig                   0x080024ac   Section        0  stm32f4xx_tim.o(i.TIM_OC1PreloadConfig)
    i.TIM_SetCompare1                        0x080024be   Section        0  stm32f4xx_tim.o(i.TIM_SetCompare1)
    i.TIM_TimeBaseInit                       0x080024c4   Section        0  stm32f4xx_tim.o(i.TIM_TimeBaseInit)
    i.TimingDelay_Decrement                  0x08002548   Section        0  systick.o(i.TimingDelay_Decrement)
    i.UART1_Config                           0x08002560   Section        0  uart.o(i.UART1_Config)
    i.UART2_Config                           0x08002620   Section        0  uart.o(i.UART2_Config)
    i.UART3_Config                           0x080026cc   Section        0  uart.o(i.UART3_Config)
    i.USART1_IRQHandler                      0x08002784   Section        0  uart.o(i.USART1_IRQHandler)
    i.USART2_IRQHandler                      0x08002824   Section        0  uart.o(i.USART2_IRQHandler)
    i.USART3_IRQHandler                      0x0800288c   Section        0  esp8266.o(i.USART3_IRQHandler)
    i.USART_ClearITPendingBit                0x08002908   Section        0  stm32f4xx_usart.o(i.USART_ClearITPendingBit)
    i.USART_Cmd                              0x08002926   Section        0  stm32f4xx_usart.o(i.USART_Cmd)
    i.USART_GetFlagStatus                    0x0800293e   Section        0  stm32f4xx_usart.o(i.USART_GetFlagStatus)
    i.USART_GetITStatus                      0x08002958   Section        0  stm32f4xx_usart.o(i.USART_GetITStatus)
    i.USART_ITConfig                         0x080029ac   Section        0  stm32f4xx_usart.o(i.USART_ITConfig)
    i.USART_Init                             0x080029f8   Section        0  stm32f4xx_usart.o(i.USART_Init)
    i.USART_ReceiveData                      0x08002acc   Section        0  stm32f4xx_usart.o(i.USART_ReceiveData)
    i.USART_SendData                         0x08002ad6   Section        0  stm32f4xx_usart.o(i.USART_SendData)
    i.UsageFault_Handler                     0x08002ade   Section        0  stm32f4xx_it.o(i.UsageFault_Handler)
    i.Usart_SendArray                        0x08002ae2   Section        0  uart.o(i.Usart_SendArray)
    i.Usart_SendByte                         0x08002b12   Section        0  uart.o(i.Usart_SendByte)
    i.Usart_SendString                       0x08002b30   Section        0  uart.o(i.Usart_SendString)
    i.__0printf                              0x08002b5c   Section        0  printfa.o(i.__0printf)
    i.__0sprintf                             0x08002b7c   Section        0  printfa.o(i.__0sprintf)
    i.__scatterload_copy                     0x08002ba4   Section       14  handlers.o(i.__scatterload_copy)
    i.__scatterload_null                     0x08002bb2   Section        2  handlers.o(i.__scatterload_null)
    i.__scatterload_zeroinit                 0x08002bb4   Section       14  handlers.o(i.__scatterload_zeroinit)
    i._fp_digits                             0x08002bc4   Section        0  printfa.o(i._fp_digits)
    _fp_digits                               0x08002bc5   Thumb Code   366  printfa.o(i._fp_digits)
    i._printf_core                           0x08002d48   Section        0  printfa.o(i._printf_core)
    _printf_core                             0x08002d49   Thumb Code  1744  printfa.o(i._printf_core)
    i._printf_post_padding                   0x08003424   Section        0  printfa.o(i._printf_post_padding)
    _printf_post_padding                     0x08003425   Thumb Code    36  printfa.o(i._printf_post_padding)
    i._printf_pre_padding                    0x08003448   Section        0  printfa.o(i._printf_pre_padding)
    _printf_pre_padding                      0x08003449   Thumb Code    46  printfa.o(i._printf_pre_padding)
    i._sputc                                 0x08003476   Section        0  printfa.o(i._sputc)
    _sputc                                   0x08003477   Thumb Code    10  printfa.o(i._sputc)
    i.displayWeatherInfoOnOLED               0x08003480   Section        0  esp8266.o(i.displayWeatherInfoOnOLED)
    i.extract_humidity                       0x080036b0   Section        0  esp8266.o(i.extract_humidity)
    i.extract_temperature_str                0x0800377c   Section        0  esp8266.o(i.extract_temperature_str)
    i.extract_weather                        0x08003848   Section        0  esp8266.o(i.extract_weather)
    i.fputc                                  0x08003908   Section        0  uart.o(i.fputc)
    i.getChineseIndex                        0x0800392c   Section        0  oled.o(i.getChineseIndex)
    i.get_dht11_data                         0x08003970   Section        0  dht11.o(i.get_dht11_data)
    i.i2c1_get_ack                           0x08003ad0   Section        0  hardiic.o(i.i2c1_get_ack)
    i.i2c1_init                              0x08003afc   Section        0  hardiic.o(i.i2c1_init)
    i.i2c1_put_byte_data                     0x08003b84   Section        0  hardiic.o(i.i2c1_put_byte_data)
    i.i2c1_put_devaddr                       0x08003b98   Section        0  hardiic.o(i.i2c1_put_devaddr)
    i.i2c1_start                             0x08003be4   Section        0  hardiic.o(i.i2c1_start)
    i.i2c1_stop                              0x08003c1c   Section        0  hardiic.o(i.i2c1_stop)
    i.main                                   0x08003c2c   Section        0  main.o(i.main)
    i.oled_init                              0x08003d5c   Section        0  oled.o(i.oled_init)
    i.restart_ESP8266                        0x08003d9c   Section        0  esp8266.o(i.restart_ESP8266)
    i.use_AT                                 0x08003e48   Section        0  esp8266.o(i.use_AT)
    .constdata                               0x0800419c   Section     1884  oled.o(.constdata)
    .constdata                               0x080048f8   Section     6080  oledfont.o(.constdata)
    .constdata                               0x080060b8   Section     1124  light_adc.o(.constdata)
    .conststring                             0x0800651c   Section      131  oled.o(.conststring)
    .conststring                             0x080065a0   Section      176  esp8266.o(.conststring)
    .conststring                             0x08006650   Section      387  mqtt.o(.conststring)
    .data                                    0x20000000   Section        3  uart.o(.data)
    .data                                    0x20000003   Section        5  dht11.o(.data)
    .data                                    0x20000008   Section        4  hardiic.o(.data)
    i2c1_ready                               0x20000008   Data           4  hardiic.o(.data)
    .data                                    0x2000000c   Section        1  duoji.o(.data)
    .data                                    0x20000010   Section        8  gpioo.o(.data)
    .data                                    0x20000018   Section        4  tim.o(.data)
    .data                                    0x2000001c   Section        9  adc.o(.data)
    .data                                    0x20000028   Section       20  system_stm32f4xx.o(.data)
    .data                                    0x2000003c   Section       16  stm32f4xx_rcc.o(.data)
    APBAHBPrescTable                         0x2000003c   Data          16  stm32f4xx_rcc.o(.data)
    .data                                    0x2000004c   Section        4  systick.o(.data)
    TimingDelay                              0x2000004c   Data           4  systick.o(.data)
    .data                                    0x20000050   Section       12  esp8266.o(.data)
    .data                                    0x2000005c   Section        4  mqtt.o(.data)
    .data                                    0x20000060   Section        4  stdout.o(.data)
    .bss                                     0x20000064   Section     1536  uart.o(.bss)
    .bss                                     0x20000664   Section     1024  oled.o(.bss)
    OLED_GRAM                                0x20000664   Data        1024  oled.o(.bss)
    .bss                                     0x20000a64   Section     2816  esp8266.o(.bss)
    .bss                                     0x20001564   Section      512  mqtt.o(.bss)
    STACK                                    0x20001768   Section     1024  startup_stm32f40_41xxx.o(STACK)

    Global Symbols

    Symbol Name                              Value     Ov Type        Size  Object(Section)

    BuildAttributes$$THM_ISAv4$E$P$D$K$B$S$7EM$VFPi3$EXTD16$VFPS$VFMA$PE$A:L22UL41UL21$X:L11$S22US41US21$IEEE1$IW$USESV6$~STKCKD$USESV7$~SHL$OTIME$ROPI$EBA8$MICROLIB$REQ8$PRES8$EABIv2 0x00000000   Number         0  anon$$obj.o ABSOLUTE
    __ARM_use_no_argv                        0x00000000   Number         0  main.o ABSOLUTE
    _printf_a                                0x00000000   Number         0  stubs.o ABSOLUTE
    _printf_c                                0x00000000   Number         0  stubs.o ABSOLUTE
    _printf_charcount                        0x00000000   Number         0  stubs.o ABSOLUTE
    _printf_d                                0x00000000   Number         0  stubs.o ABSOLUTE
    _printf_e                                0x00000000   Number         0  stubs.o ABSOLUTE
    _printf_f                                0x00000000   Number         0  stubs.o ABSOLUTE
    _printf_flags                            0x00000000   Number         0  stubs.o ABSOLUTE
    _printf_fp_dec                           0x00000000   Number         0  stubs.o ABSOLUTE
    _printf_fp_hex                           0x00000000   Number         0  stubs.o ABSOLUTE
    _printf_g                                0x00000000   Number         0  stubs.o ABSOLUTE
    _printf_i                                0x00000000   Number         0  stubs.o ABSOLUTE
    _printf_int_dec                          0x00000000   Number         0  stubs.o ABSOLUTE
    _printf_l                                0x00000000   Number         0  stubs.o ABSOLUTE
    _printf_lc                               0x00000000   Number         0  stubs.o ABSOLUTE
    _printf_ll                               0x00000000   Number         0  stubs.o ABSOLUTE
    _printf_lld                              0x00000000   Number         0  stubs.o ABSOLUTE
    _printf_lli                              0x00000000   Number         0  stubs.o ABSOLUTE
    _printf_llo                              0x00000000   Number         0  stubs.o ABSOLUTE
    _printf_llu                              0x00000000   Number         0  stubs.o ABSOLUTE
    _printf_llx                              0x00000000   Number         0  stubs.o ABSOLUTE
    _printf_longlong_dec                     0x00000000   Number         0  stubs.o ABSOLUTE
    _printf_longlong_hex                     0x00000000   Number         0  stubs.o ABSOLUTE
    _printf_longlong_oct                     0x00000000   Number         0  stubs.o ABSOLUTE
    _printf_ls                               0x00000000   Number         0  stubs.o ABSOLUTE
    _printf_mbtowc                           0x00000000   Number         0  stubs.o ABSOLUTE
    _printf_n                                0x00000000   Number         0  stubs.o ABSOLUTE
    _printf_o                                0x00000000   Number         0  stubs.o ABSOLUTE
    _printf_p                                0x00000000   Number         0  stubs.o ABSOLUTE
    _printf_percent                          0x00000000   Number         0  stubs.o ABSOLUTE
    _printf_pre_padding                      0x00000000   Number         0  stubs.o ABSOLUTE
    _printf_return_value                     0x00000000   Number         0  stubs.o ABSOLUTE
    _printf_s                                0x00000000   Number         0  stubs.o ABSOLUTE
    _printf_sizespec                         0x00000000   Number         0  stubs.o ABSOLUTE
    _printf_str                              0x00000000   Number         0  stubs.o ABSOLUTE
    _printf_truncate_signed                  0x00000000   Number         0  stubs.o ABSOLUTE
    _printf_truncate_unsigned                0x00000000   Number         0  stubs.o ABSOLUTE
    _printf_u                                0x00000000   Number         0  stubs.o ABSOLUTE
    _printf_wc                               0x00000000   Number         0  stubs.o ABSOLUTE
    _printf_wctomb                           0x00000000   Number         0  stubs.o ABSOLUTE
    _printf_widthprec                        0x00000000   Number         0  stubs.o ABSOLUTE
    _printf_x                                0x00000000   Number         0  stubs.o ABSOLUTE
    __cpp_initialize__aeabi_                  - Undefined Weak Reference
    __cxa_finalize                            - Undefined Weak Reference
    __decompress                              - Undefined Weak Reference
    _clock_init                               - Undefined Weak Reference
    _microlib_exit                            - Undefined Weak Reference
    __Vectors_Size                           0x00000188   Number         0  startup_stm32f40_41xxx.o ABSOLUTE
    __Vectors                                0x08000000   Data           4  startup_stm32f40_41xxx.o(RESET)
    __Vectors_End                            0x08000188   Data           0  startup_stm32f40_41xxx.o(RESET)
    __main                                   0x08000189   Thumb Code     0  entry.o(.ARM.Collect$$$$00000000)
    _main_stk                                0x08000189   Thumb Code     0  entry2.o(.ARM.Collect$$$$00000001)
    _main_scatterload                        0x0800018d   Thumb Code     0  entry5.o(.ARM.Collect$$$$00000004)
    __main_after_scatterload                 0x08000191   Thumb Code     0  entry5.o(.ARM.Collect$$$$00000004)
    _main_clock                              0x08000191   Thumb Code     0  entry7b.o(.ARM.Collect$$$$00000008)
    _main_cpp_init                           0x08000191   Thumb Code     0  entry8b.o(.ARM.Collect$$$$0000000A)
    _main_init                               0x08000191   Thumb Code     0  entry9a.o(.ARM.Collect$$$$0000000B)
    __rt_final_cpp                           0x08000199   Thumb Code     0  entry10a.o(.ARM.Collect$$$$0000000D)
    __rt_final_exit                          0x08000199   Thumb Code     0  entry11a.o(.ARM.Collect$$$$0000000F)
    Reset_Handler                            0x0800019d   Thumb Code     8  startup_stm32f40_41xxx.o(.text)
    ADC_IRQHandler                           0x080001b7   Thumb Code     0  startup_stm32f40_41xxx.o(.text)
    CAN1_RX0_IRQHandler                      0x080001b7   Thumb Code     0  startup_stm32f40_41xxx.o(.text)
    CAN1_RX1_IRQHandler                      0x080001b7   Thumb Code     0  startup_stm32f40_41xxx.o(.text)
    CAN1_SCE_IRQHandler                      0x080001b7   Thumb Code     0  startup_stm32f40_41xxx.o(.text)
    CAN1_TX_IRQHandler                       0x080001b7   Thumb Code     0  startup_stm32f40_41xxx.o(.text)
    CAN2_RX0_IRQHandler                      0x080001b7   Thumb Code     0  startup_stm32f40_41xxx.o(.text)
    CAN2_RX1_IRQHandler                      0x080001b7   Thumb Code     0  startup_stm32f40_41xxx.o(.text)
    CAN2_SCE_IRQHandler                      0x080001b7   Thumb Code     0  startup_stm32f40_41xxx.o(.text)
    CAN2_TX_IRQHandler                       0x080001b7   Thumb Code     0  startup_stm32f40_41xxx.o(.text)
    CRYP_IRQHandler                          0x080001b7   Thumb Code     0  startup_stm32f40_41xxx.o(.text)
    DCMI_IRQHandler                          0x080001b7   Thumb Code     0  startup_stm32f40_41xxx.o(.text)
    DMA1_Stream0_IRQHandler                  0x080001b7   Thumb Code     0  startup_stm32f40_41xxx.o(.text)
    DMA1_Stream1_IRQHandler                  0x080001b7   Thumb Code     0  startup_stm32f40_41xxx.o(.text)
    DMA1_Stream2_IRQHandler                  0x080001b7   Thumb Code     0  startup_stm32f40_41xxx.o(.text)
    DMA1_Stream3_IRQHandler                  0x080001b7   Thumb Code     0  startup_stm32f40_41xxx.o(.text)
    DMA1_Stream4_IRQHandler                  0x080001b7   Thumb Code     0  startup_stm32f40_41xxx.o(.text)
    DMA1_Stream5_IRQHandler                  0x080001b7   Thumb Code     0  startup_stm32f40_41xxx.o(.text)
    DMA1_Stream6_IRQHandler                  0x080001b7   Thumb Code     0  startup_stm32f40_41xxx.o(.text)
    DMA1_Stream7_IRQHandler                  0x080001b7   Thumb Code     0  startup_stm32f40_41xxx.o(.text)
    DMA2_Stream0_IRQHandler                  0x080001b7   Thumb Code     0  startup_stm32f40_41xxx.o(.text)
    DMA2_Stream1_IRQHandler                  0x080001b7   Thumb Code     0  startup_stm32f40_41xxx.o(.text)
    DMA2_Stream2_IRQHandler                  0x080001b7   Thumb Code     0  startup_stm32f40_41xxx.o(.text)
    DMA2_Stream3_IRQHandler                  0x080001b7   Thumb Code     0  startup_stm32f40_41xxx.o(.text)
    DMA2_Stream4_IRQHandler                  0x080001b7   Thumb Code     0  startup_stm32f40_41xxx.o(.text)
    DMA2_Stream5_IRQHandler                  0x080001b7   Thumb Code     0  startup_stm32f40_41xxx.o(.text)
    DMA2_Stream6_IRQHandler                  0x080001b7   Thumb Code     0  startup_stm32f40_41xxx.o(.text)
    DMA2_Stream7_IRQHandler                  0x080001b7   Thumb Code     0  startup_stm32f40_41xxx.o(.text)
    ETH_IRQHandler                           0x080001b7   Thumb Code     0  startup_stm32f40_41xxx.o(.text)
    ETH_WKUP_IRQHandler                      0x080001b7   Thumb Code     0  startup_stm32f40_41xxx.o(.text)
    EXTI0_IRQHandler                         0x080001b7   Thumb Code     0  startup_stm32f40_41xxx.o(.text)
    EXTI15_10_IRQHandler                     0x080001b7   Thumb Code     0  startup_stm32f40_41xxx.o(.text)
    EXTI1_IRQHandler                         0x080001b7   Thumb Code     0  startup_stm32f40_41xxx.o(.text)
    EXTI2_IRQHandler                         0x080001b7   Thumb Code     0  startup_stm32f40_41xxx.o(.text)
    EXTI3_IRQHandler                         0x080001b7   Thumb Code     0  startup_stm32f40_41xxx.o(.text)
    EXTI4_IRQHandler                         0x080001b7   Thumb Code     0  startup_stm32f40_41xxx.o(.text)
    EXTI9_5_IRQHandler                       0x080001b7   Thumb Code     0  startup_stm32f40_41xxx.o(.text)
    FLASH_IRQHandler                         0x080001b7   Thumb Code     0  startup_stm32f40_41xxx.o(.text)
    FPU_IRQHandler                           0x080001b7   Thumb Code     0  startup_stm32f40_41xxx.o(.text)
    FSMC_IRQHandler                          0x080001b7   Thumb Code     0  startup_stm32f40_41xxx.o(.text)
    HASH_RNG_IRQHandler                      0x080001b7   Thumb Code     0  startup_stm32f40_41xxx.o(.text)
    I2C1_ER_IRQHandler                       0x080001b7   Thumb Code     0  startup_stm32f40_41xxx.o(.text)
    I2C1_EV_IRQHandler                       0x080001b7   Thumb Code     0  startup_stm32f40_41xxx.o(.text)
    I2C2_ER_IRQHandler                       0x080001b7   Thumb Code     0  startup_stm32f40_41xxx.o(.text)
    I2C2_EV_IRQHandler                       0x080001b7   Thumb Code     0  startup_stm32f40_41xxx.o(.text)
    I2C3_ER_IRQHandler                       0x080001b7   Thumb Code     0  startup_stm32f40_41xxx.o(.text)
    I2C3_EV_IRQHandler                       0x080001b7   Thumb Code     0  startup_stm32f40_41xxx.o(.text)
    OTG_FS_IRQHandler                        0x080001b7   Thumb Code     0  startup_stm32f40_41xxx.o(.text)
    OTG_FS_WKUP_IRQHandler                   0x080001b7   Thumb Code     0  startup_stm32f40_41xxx.o(.text)
    OTG_HS_EP1_IN_IRQHandler                 0x080001b7   Thumb Code     0  startup_stm32f40_41xxx.o(.text)
    OTG_HS_EP1_OUT_IRQHandler                0x080001b7   Thumb Code     0  startup_stm32f40_41xxx.o(.text)
    OTG_HS_IRQHandler                        0x080001b7   Thumb Code     0  startup_stm32f40_41xxx.o(.text)
    OTG_HS_WKUP_IRQHandler                   0x080001b7   Thumb Code     0  startup_stm32f40_41xxx.o(.text)
    PVD_IRQHandler                           0x080001b7   Thumb Code     0  startup_stm32f40_41xxx.o(.text)
    RCC_IRQHandler                           0x080001b7   Thumb Code     0  startup_stm32f40_41xxx.o(.text)
    RTC_Alarm_IRQHandler                     0x080001b7   Thumb Code     0  startup_stm32f40_41xxx.o(.text)
    RTC_WKUP_IRQHandler                      0x080001b7   Thumb Code     0  startup_stm32f40_41xxx.o(.text)
    SDIO_IRQHandler                          0x080001b7   Thumb Code     0  startup_stm32f40_41xxx.o(.text)
    SPI1_IRQHandler                          0x080001b7   Thumb Code     0  startup_stm32f40_41xxx.o(.text)
    SPI2_IRQHandler                          0x080001b7   Thumb Code     0  startup_stm32f40_41xxx.o(.text)
    SPI3_IRQHandler                          0x080001b7   Thumb Code     0  startup_stm32f40_41xxx.o(.text)
    TAMP_STAMP_IRQHandler                    0x080001b7   Thumb Code     0  startup_stm32f40_41xxx.o(.text)
    TIM1_BRK_TIM9_IRQHandler                 0x080001b7   Thumb Code     0  startup_stm32f40_41xxx.o(.text)
    TIM1_CC_IRQHandler                       0x080001b7   Thumb Code     0  startup_stm32f40_41xxx.o(.text)
    TIM1_TRG_COM_TIM11_IRQHandler            0x080001b7   Thumb Code     0  startup_stm32f40_41xxx.o(.text)
    TIM1_UP_TIM10_IRQHandler                 0x080001b7   Thumb Code     0  startup_stm32f40_41xxx.o(.text)
    TIM2_IRQHandler                          0x080001b7   Thumb Code     0  startup_stm32f40_41xxx.o(.text)
    TIM3_IRQHandler                          0x080001b7   Thumb Code     0  startup_stm32f40_41xxx.o(.text)
    TIM4_IRQHandler                          0x080001b7   Thumb Code     0  startup_stm32f40_41xxx.o(.text)
    TIM5_IRQHandler                          0x080001b7   Thumb Code     0  startup_stm32f40_41xxx.o(.text)
    TIM7_IRQHandler                          0x080001b7   Thumb Code     0  startup_stm32f40_41xxx.o(.text)
    TIM8_BRK_TIM12_IRQHandler                0x080001b7   Thumb Code     0  startup_stm32f40_41xxx.o(.text)
    TIM8_CC_IRQHandler                       0x080001b7   Thumb Code     0  startup_stm32f40_41xxx.o(.text)
    TIM8_TRG_COM_TIM14_IRQHandler            0x080001b7   Thumb Code     0  startup_stm32f40_41xxx.o(.text)
    TIM8_UP_TIM13_IRQHandler                 0x080001b7   Thumb Code     0  startup_stm32f40_41xxx.o(.text)
    UART4_IRQHandler                         0x080001b7   Thumb Code     0  startup_stm32f40_41xxx.o(.text)
    UART5_IRQHandler                         0x080001b7   Thumb Code     0  startup_stm32f40_41xxx.o(.text)
    USART6_IRQHandler                        0x080001b7   Thumb Code     0  startup_stm32f40_41xxx.o(.text)
    WWDG_IRQHandler                          0x080001b7   Thumb Code     0  startup_stm32f40_41xxx.o(.text)
    __aeabi_memcpy                           0x080001c1   Thumb Code    36  memcpya.o(.text)
    __aeabi_memcpy4                          0x080001c1   Thumb Code     0  memcpya.o(.text)
    __aeabi_memcpy8                          0x080001c1   Thumb Code     0  memcpya.o(.text)
    __aeabi_memset                           0x080001e5   Thumb Code    14  memseta.o(.text)
    __aeabi_memset4                          0x080001e5   Thumb Code     0  memseta.o(.text)
    __aeabi_memset8                          0x080001e5   Thumb Code     0  memseta.o(.text)
    __aeabi_memclr                           0x080001f3   Thumb Code     4  memseta.o(.text)
    __aeabi_memclr4                          0x080001f3   Thumb Code     0  memseta.o(.text)
    __aeabi_memclr8                          0x080001f3   Thumb Code     0  memseta.o(.text)
    _memset$wrapper                          0x080001f7   Thumb Code    18  memseta.o(.text)
    strstr                                   0x08000209   Thumb Code    36  strstr.o(.text)
    strncpy                                  0x0800022d   Thumb Code    24  strncpy.o(.text)
    strchr                                   0x08000245   Thumb Code    20  strchr.o(.text)
    strlen                                   0x08000259   Thumb Code    14  strlen.o(.text)
    strcmp                                   0x08000267   Thumb Code    28  strcmp.o(.text)
    strncmp                                  0x08000283   Thumb Code    30  strncmp.o(.text)
    __aeabi_dadd                             0x080002a1   Thumb Code   322  dadd.o(.text)
    __aeabi_dsub                             0x080003e3   Thumb Code     6  dadd.o(.text)
    __aeabi_drsub                            0x080003e9   Thumb Code     6  dadd.o(.text)
    __aeabi_dmul                             0x080003ef   Thumb Code   228  dmul.o(.text)
    __aeabi_ddiv                             0x080004d3   Thumb Code   222  ddiv.o(.text)
    __aeabi_ui2d                             0x080005b1   Thumb Code    26  dfltui.o(.text)
    __aeabi_f2d                              0x080005cb   Thumb Code    38  f2d.o(.text)
    __aeabi_d2f                              0x080005f1   Thumb Code    56  d2f.o(.text)
    __aeabi_uidiv                            0x08000629   Thumb Code     0  uidiv.o(.text)
    __aeabi_uidivmod                         0x08000629   Thumb Code    44  uidiv.o(.text)
    __aeabi_uldivmod                         0x08000655   Thumb Code    98  uldiv.o(.text)
    __aeabi_llsl                             0x080006b7   Thumb Code    30  llshl.o(.text)
    _ll_shift_l                              0x080006b7   Thumb Code     0  llshl.o(.text)
    __aeabi_lasr                             0x080006d5   Thumb Code    36  llsshr.o(.text)
    _ll_sshift_r                             0x080006d5   Thumb Code     0  llsshr.o(.text)
    __I$use$fp                               0x080006f9   Thumb Code     0  iusefp.o(.text)
    _float_round                             0x080006f9   Thumb Code    18  fepilogue.o(.text)
    _float_epilogue                          0x0800070b   Thumb Code    92  fepilogue.o(.text)
    _double_round                            0x08000767   Thumb Code    30  depilogue.o(.text)
    _double_epilogue                         0x08000785   Thumb Code   156  depilogue.o(.text)
    __aeabi_d2ulz                            0x08000821   Thumb Code    48  dfixul.o(.text)
    __aeabi_cdrcmple                         0x08000851   Thumb Code    48  cdrcmple.o(.text)
    __scatterload                            0x08000881   Thumb Code    28  init.o(.text)
    __scatterload_rt2                        0x08000881   Thumb Code     0  init.o(.text)
    __aeabi_llsr                             0x080008a5   Thumb Code    32  llushr.o(.text)
    _ll_ushift_r                             0x080008a5   Thumb Code     0  llushr.o(.text)
    ADC3_Config                              0x080008c5   Thumb Code   104  adc.o(i.ADC3_Config)
    ADC_Cmd                                  0x08000935   Thumb Code    22  stm32f4xx_adc.o(i.ADC_Cmd)
    ADC_CommonInit                           0x0800094d   Thumb Code    34  stm32f4xx_adc.o(i.ADC_CommonInit)
    ADC_DiscModeChannelCountConfig           0x0800097d   Thumb Code    24  stm32f4xx_adc.o(i.ADC_DiscModeChannelCountConfig)
    ADC_DiscModeCmd                          0x08000995   Thumb Code    22  stm32f4xx_adc.o(i.ADC_DiscModeCmd)
    ADC_GetConversionValue                   0x080009ab   Thumb Code     8  stm32f4xx_adc.o(i.ADC_GetConversionValue)
    ADC_GetFlagStatus                        0x080009b3   Thumb Code    18  stm32f4xx_adc.o(i.ADC_GetFlagStatus)
    ADC_Init                                 0x080009c5   Thumb Code    74  stm32f4xx_adc.o(i.ADC_Init)
    ADC_LIGHT_OPEN_CLOSE                     0x08000a19   Thumb Code   112  duoji.o(i.ADC_LIGHT_OPEN_CLOSE)
    ADC_RegularChannelConfig                 0x08000a95   Thumb Code   184  stm32f4xx_adc.o(i.ADC_RegularChannelConfig)
    ADC_SoftwareStartConv                    0x08000b4d   Thumb Code    10  stm32f4xx_adc.o(i.ADC_SoftwareStartConv)
    BusFault_Handler                         0x08000b57   Thumb Code     4  stm32f4xx_it.o(i.BusFault_Handler)
    DCMI_D5_pinB6                            0x08000b5d   Thumb Code    34  gpioo.o(i.DCMI_D5_pinB6)
    DCMI_D7_pine6                            0x08000b85   Thumb Code    34  gpioo.o(i.DCMI_D7_pine6)
    DHT11_Config                             0x08000bad   Thumb Code    38  dht11.o(i.DHT11_Config)
    DUOJI_NI                                 0x08000c21   Thumb Code    12  duoji.o(i.DUOJI_NI)
    DUOJI_SHUN                               0x08000c31   Thumb Code    12  duoji.o(i.DUOJI_SHUN)
    DUOJI_STOP                               0x08000c41   Thumb Code    12  duoji.o(i.DUOJI_STOP)
    DUOJI_pin                                0x08000c51   Thumb Code   130  gpioo.o(i.DUOJI_pin)
    DebugMon_Handler                         0x08000ce5   Thumb Code     2  stm32f4xx_it.o(i.DebugMon_Handler)
    Delay_us                                 0x08000ce9   Thumb Code    20  systick.o(i.Delay_us)
    ESP8266_ConnectServer                    0x08000d01   Thumb Code    60  esp8266.o(i.ESP8266_ConnectServer)
    ESP8266_ExitUnvarnishedTrans             0x08000d79   Thumb Code    24  esp8266.o(i.ESP8266_ExitUnvarnishedTrans)
    ESP8266_Init                             0x08000d9d   Thumb Code   328  esp8266.o(i.ESP8266_Init)
    ESP8266_OpenTransmission                 0x08001011   Thumb Code    34  esp8266.o(i.ESP8266_OpenTransmission)
    ESP8266_SendCmd                          0x08001051   Thumb Code    68  esp8266.o(i.ESP8266_SendCmd)
    ESP8266_WaitRecive                       0x0800109d   Thumb Code    42  esp8266.o(i.ESP8266_WaitRecive)
    ESP8266_memset_RecvBuff                  0x080010d1   Thumb Code    40  esp8266.o(i.ESP8266_memset_RecvBuff)
    GET_light                                0x08001109   Thumb Code    84  adc.o(i.GET_light)
    GPIO_Init                                0x0800117d   Thumb Code   144  stm32f4xx_gpio.o(i.GPIO_Init)
    GPIO_PinAFConfig                         0x0800120d   Thumb Code    70  stm32f4xx_gpio.o(i.GPIO_PinAFConfig)
    GPIO_ReadInputDataBit                    0x08001253   Thumb Code    18  stm32f4xx_gpio.o(i.GPIO_ReadInputDataBit)
    GPIO_ResetBits                           0x08001265   Thumb Code     4  stm32f4xx_gpio.o(i.GPIO_ResetBits)
    GPIO_SetBits                             0x08001269   Thumb Code     4  stm32f4xx_gpio.o(i.GPIO_SetBits)
    GPIO_ToggleBits                          0x0800126d   Thumb Code     8  stm32f4xx_gpio.o(i.GPIO_ToggleBits)
    GetLux                                   0x08001275   Thumb Code    74  light_adc.o(i.GetLux)
    Get_Adc                                  0x080012c9   Thumb Code    62  adc.o(i.Get_Adc)
    Get_Conversion_value                     0x0800130d   Thumb Code    74  adc.o(i.Get_Conversion_value)
    HardFault_Handler                        0x08001361   Thumb Code     4  stm32f4xx_it.o(i.HardFault_Handler)
    I2C_CheckEvent                           0x08001365   Thumb Code    42  stm32f4xx_i2c.o(i.I2C_CheckEvent)
    I2C_Cmd                                  0x0800138f   Thumb Code    24  stm32f4xx_i2c.o(i.I2C_Cmd)
    I2C_GenerateSTART                        0x080013a7   Thumb Code    24  stm32f4xx_i2c.o(i.I2C_GenerateSTART)
    I2C_GenerateSTOP                         0x080013bf   Thumb Code    24  stm32f4xx_i2c.o(i.I2C_GenerateSTOP)
    I2C_Init                                 0x080013d9   Thumb Code   218  stm32f4xx_i2c.o(i.I2C_Init)
    I2C_Send7bitAddress                      0x080014c1   Thumb Code    16  stm32f4xx_i2c.o(i.I2C_Send7bitAddress)
    I2C_SendData                             0x080014d1   Thumb Code     4  stm32f4xx_i2c.o(i.I2C_SendData)
    I2C_StructInit                           0x080014d5   Thumb Code    30  stm32f4xx_i2c.o(i.I2C_StructInit)
    KEY_config                               0x080014f5   Thumb Code    34  key.o(i.KEY_config)
    LED_config                               0x0800151d   Thumb Code    58  led.o(i.LED_config)
    LED_pin                                  0x0800155d   Thumb Code    48  gpioo.o(i.LED_pin)
    MQTT_Clear                               0x08001595   Thumb Code    24  mqtt.o(i.MQTT_Clear)
    MQTT_Connect                             0x080015b9   Thumb Code   414  mqtt.o(i.MQTT_Connect)
    MQTT_Disconnect                          0x08001781   Thumb Code    26  mqtt.o(i.MQTT_Disconnect)
    MQTT_PublicTopic                         0x080017a1   Thumb Code   266  mqtt.o(i.MQTT_PublicTopic)
    MQTT_RX_DATE_DEAL                        0x080018f5   Thumb Code   100  esp8266.o(i.MQTT_RX_DATE_DEAL)
    MQTT_SendData                            0x08001981   Thumb Code    18  mqtt.o(i.MQTT_SendData)
    MQTT_SubscribeTopic                      0x08001999   Thumb Code   204  mqtt.o(i.MQTT_SubscribeTopic)
    MQTT_UNSubscribeTopic                    0x08001aa5   Thumb Code   190  mqtt.o(i.MQTT_UNSubscribeTopic)
    MemManage_Handler                        0x08001ba9   Thumb Code     4  stm32f4xx_it.o(i.MemManage_Handler)
    NMI_Handler                              0x08001bad   Thumb Code     2  stm32f4xx_it.o(i.NMI_Handler)
    NVIC_Init                                0x08001bb1   Thumb Code   106  misc.o(i.NVIC_Init)
    OLED_Clear                               0x08001c29   Thumb Code    42  oled.o(i.OLED_Clear)
    OLED_Refresh                             0x08001c59   Thumb Code    14  oled.o(i.OLED_Refresh)
    OLED_ShowChar                            0x08001c6d   Thumb Code    92  oled.o(i.OLED_ShowChar)
    OLED_ShowChinese                         0x08001cd1   Thumb Code    78  oled.o(i.OLED_ShowChinese)
    OLED_ShowChineseString                   0x08001d29   Thumb Code   104  oled.o(i.OLED_ShowChineseString)
    OLED_ShowString                          0x08001d91   Thumb Code    82  oled.o(i.OLED_ShowString)
    OLED_WR_Data                             0x08001de5   Thumb Code   118  oled.o(i.OLED_WR_Data)
    PWM_TIM3_CH1                             0x08001ead   Thumb Code   156  duoji.o(i.PWM_TIM3_CH1)
    PendSV_Handler                           0x08001f51   Thumb Code     2  stm32f4xx_it.o(i.PendSV_Handler)
    RCC_AHB1PeriphClockCmd                   0x08001f55   Thumb Code    26  stm32f4xx_rcc.o(i.RCC_AHB1PeriphClockCmd)
    RCC_APB1PeriphClockCmd                   0x08001f75   Thumb Code    26  stm32f4xx_rcc.o(i.RCC_APB1PeriphClockCmd)
    RCC_APB2PeriphClockCmd                   0x08001f95   Thumb Code    26  stm32f4xx_rcc.o(i.RCC_APB2PeriphClockCmd)
    RCC_GetClocksFreq                        0x08001fb5   Thumb Code   214  stm32f4xx_rcc.o(i.RCC_GetClocksFreq)
    Read_DHT11                               0x08002101   Thumb Code   212  dht11.o(i.Read_DHT11)
    SVC_Handler                              0x080021d9   Thumb Code     2  stm32f4xx_it.o(i.SVC_Handler)
    SysTick_Handler                          0x080022c9   Thumb Code     8  stm32f4xx_it.o(i.SysTick_Handler)
    SysTick_Init                             0x080022d1   Thumb Code    88  systick.o(i.SysTick_Init)
    SystemInit                               0x08002339   Thumb Code    88  system_stm32f4xx.o(i.SystemInit)
    TIM6_DAC_IRQHandler                      0x080023a1   Thumb Code    46  tim.o(i.TIM6_DAC_IRQHandler)
    TIM_ARRPreloadConfig                     0x080023d9   Thumb Code    24  stm32f4xx_tim.o(i.TIM_ARRPreloadConfig)
    TIM_ClearITPendingBit                    0x080023f1   Thumb Code     6  stm32f4xx_tim.o(i.TIM_ClearITPendingBit)
    TIM_Cmd                                  0x080023f7   Thumb Code    24  stm32f4xx_tim.o(i.TIM_Cmd)
    TIM_GetITStatus                          0x0800240f   Thumb Code    34  stm32f4xx_tim.o(i.TIM_GetITStatus)
    TIM_OC1Init                              0x08002431   Thumb Code   114  stm32f4xx_tim.o(i.TIM_OC1Init)
    TIM_OC1PreloadConfig                     0x080024ad   Thumb Code    18  stm32f4xx_tim.o(i.TIM_OC1PreloadConfig)
    TIM_SetCompare1                          0x080024bf   Thumb Code     4  stm32f4xx_tim.o(i.TIM_SetCompare1)
    TIM_TimeBaseInit                         0x080024c5   Thumb Code   104  stm32f4xx_tim.o(i.TIM_TimeBaseInit)
    TimingDelay_Decrement                    0x08002549   Thumb Code    18  systick.o(i.TimingDelay_Decrement)
    UART1_Config                             0x08002561   Thumb Code   184  uart.o(i.UART1_Config)
    UART2_Config                             0x08002621   Thumb Code   164  uart.o(i.UART2_Config)
    UART3_Config                             0x080026cd   Thumb Code   176  uart.o(i.UART3_Config)
    USART1_IRQHandler                        0x08002785   Thumb Code   132  uart.o(i.USART1_IRQHandler)
    USART2_IRQHandler                        0x08002825   Thumb Code    58  uart.o(i.USART2_IRQHandler)
    USART3_IRQHandler                        0x0800288d   Thumb Code    96  esp8266.o(i.USART3_IRQHandler)
    USART_ClearITPendingBit                  0x08002909   Thumb Code    30  stm32f4xx_usart.o(i.USART_ClearITPendingBit)
    USART_Cmd                                0x08002927   Thumb Code    24  stm32f4xx_usart.o(i.USART_Cmd)
    USART_GetFlagStatus                      0x0800293f   Thumb Code    26  stm32f4xx_usart.o(i.USART_GetFlagStatus)
    USART_GetITStatus                        0x08002959   Thumb Code    84  stm32f4xx_usart.o(i.USART_GetITStatus)
    USART_ITConfig                           0x080029ad   Thumb Code    74  stm32f4xx_usart.o(i.USART_ITConfig)
    USART_Init                               0x080029f9   Thumb Code   204  stm32f4xx_usart.o(i.USART_Init)
    USART_ReceiveData                        0x08002acd   Thumb Code    10  stm32f4xx_usart.o(i.USART_ReceiveData)
    USART_SendData                           0x08002ad7   Thumb Code     8  stm32f4xx_usart.o(i.USART_SendData)
    UsageFault_Handler                       0x08002adf   Thumb Code     4  stm32f4xx_it.o(i.UsageFault_Handler)
    Usart_SendArray                          0x08002ae3   Thumb Code    48  uart.o(i.Usart_SendArray)
    Usart_SendByte                           0x08002b13   Thumb Code    30  uart.o(i.Usart_SendByte)
    Usart_SendString                         0x08002b31   Thumb Code    42  uart.o(i.Usart_SendString)
    __0printf                                0x08002b5d   Thumb Code    22  printfa.o(i.__0printf)
    __1printf                                0x08002b5d   Thumb Code     0  printfa.o(i.__0printf)
    __2printf                                0x08002b5d   Thumb Code     0  printfa.o(i.__0printf)
    __c89printf                              0x08002b5d   Thumb Code     0  printfa.o(i.__0printf)
    printf                                   0x08002b5d   Thumb Code     0  printfa.o(i.__0printf)
    __0sprintf                               0x08002b7d   Thumb Code    34  printfa.o(i.__0sprintf)
    __1sprintf                               0x08002b7d   Thumb Code     0  printfa.o(i.__0sprintf)
    __2sprintf                               0x08002b7d   Thumb Code     0  printfa.o(i.__0sprintf)
    __c89sprintf                             0x08002b7d   Thumb Code     0  printfa.o(i.__0sprintf)
    sprintf                                  0x08002b7d   Thumb Code     0  printfa.o(i.__0sprintf)
    __scatterload_copy                       0x08002ba5   Thumb Code    14  handlers.o(i.__scatterload_copy)
    __scatterload_null                       0x08002bb3   Thumb Code     2  handlers.o(i.__scatterload_null)
    __scatterload_zeroinit                   0x08002bb5   Thumb Code    14  handlers.o(i.__scatterload_zeroinit)
    displayWeatherInfoOnOLED                 0x08003481   Thumb Code   302  esp8266.o(i.displayWeatherInfoOnOLED)
    extract_humidity                         0x080036b1   Thumb Code    96  esp8266.o(i.extract_humidity)
    extract_temperature_str                  0x0800377d   Thumb Code    96  esp8266.o(i.extract_temperature_str)
    extract_weather                          0x08003849   Thumb Code    96  esp8266.o(i.extract_weather)
    fputc                                    0x08003909   Thumb Code    32  uart.o(i.fputc)
    getChineseIndex                          0x0800392d   Thumb Code    62  oled.o(i.getChineseIndex)
    get_dht11_data                           0x08003971   Thumb Code   268  dht11.o(i.get_dht11_data)
    i2c1_get_ack                             0x08003ad1   Thumb Code    36  hardiic.o(i.i2c1_get_ack)
    i2c1_init                                0x08003afd   Thumb Code   118  hardiic.o(i.i2c1_init)
    i2c1_put_byte_data                       0x08003b85   Thumb Code    14  hardiic.o(i.i2c1_put_byte_data)
    i2c1_put_devaddr                         0x08003b99   Thumb Code    62  hardiic.o(i.i2c1_put_devaddr)
    i2c1_start                               0x08003be5   Thumb Code    46  hardiic.o(i.i2c1_start)
    i2c1_stop                                0x08003c1d   Thumb Code    12  hardiic.o(i.i2c1_stop)
    main                                     0x08003c2d   Thumb Code   214  main.o(i.main)
    oled_init                                0x08003d5d   Thumb Code    36  oled.o(i.oled_init)
    restart_ESP8266                          0x08003d9d   Thumb Code    82  esp8266.o(i.restart_ESP8266)
    use_AT                                   0x08003e49   Thumb Code   212  esp8266.o(i.use_AT)
    HZK16                                    0x0800419c   Data         448  oled.o(.constdata)
    HZK17                                    0x0800435c   Data        1152  oled.o(.constdata)
    asc2_1206                                0x080048f8   Data        1140  oledfont.o(.constdata)
    asc2_1608                                0x08004d6c   Data        1520  oledfont.o(.constdata)
    asc2_2412                                0x0800535c   Data        3420  oledfont.o(.constdata)
    GL5516                                   0x080060b8   Data        1124  light_adc.o(.constdata)
    Region$$Table$$Base                      0x080067d4   Number         0  anon$$obj.o(Region$$Table)
    Region$$Table$$Limit                     0x080067f4   Number         0  anon$$obj.o(Region$$Table)
    rxd_data                                 0x20000000   Data           1  uart.o(.data)
    rxd_num                                  0x20000001   Data           1  uart.o(.data)
    rxd_data2                                0x20000002   Data           1  uart.o(.data)
    DHT11_Data                               0x20000003   Data           5  dht11.o(.data)
    LIGHT_FLAG_DUOJI                         0x2000000c   Data           1  duoji.o(.data)
    DUOJI_open                               0x20000010   Data           4  gpioo.o(.data)
    DUOJI_close                              0x20000014   Data           4  gpioo.o(.data)
    time_num                                 0x20000018   Data           4  tim.o(.data)
    r                                        0x2000001c   Data           4  adc.o(.data)
    v                                        0x20000020   Data           4  adc.o(.data)
    light                                    0x20000024   Data           1  adc.o(.data)
    SystemCoreClock                          0x20000028   Data           4  system_stm32f4xx.o(.data)
    AHBPrescTable                            0x2000002c   Data          16  system_stm32f4xx.o(.data)
    usart3_rxcounter                         0x20000050   Data           1  esp8266.o(.data)
    cnt1                                     0x20000051   Data           1  esp8266.o(.data)
    esp8266_cnt1Pre                          0x20000052   Data           1  esp8266.o(.data)
    num                                      0x20000053   Data           1  esp8266.o(.data)
    Rx3Counter                               0x20000054   Data           4  esp8266.o(.data)
    Rx3Data                                  0x20000058   Data           1  esp8266.o(.data)
    Rx3End                                   0x20000059   Data           1  esp8266.o(.data)
    connect_ack                              0x2000005a   Data           1  esp8266.o(.data)
    rxd3_num                                 0x2000005b   Data           1  esp8266.o(.data)
    DataLen                                  0x2000005c   Data           2  mqtt.o(.data)
    MQTT_Len                                 0x2000005e   Data           2  mqtt.o(.data)
    __stdout                                 0x20000060   Data           4  stdout.o(.data)
    rxd_str                                  0x20000064   Data         512  uart.o(.bss)
    r_data2                                  0x20000264   Data        1024  uart.o(.bss)
    usart3_txbuf                             0x20000a64   Data         256  esp8266.o(.bss)
    usart3_rxbuf                             0x20000b64   Data         512  esp8266.o(.bss)
    recv_buf                                 0x20000d64   Data         512  esp8266.o(.bss)
    rxd3_str                                 0x20000f64   Data         512  esp8266.o(.bss)
    Tx3Buffer                                0x20001164   Data         512  esp8266.o(.bss)
    Rx3Buffer                                0x20001364   Data         512  esp8266.o(.bss)
    MQTT_RX_BUF                              0x20001564   Data         512  mqtt.o(.bss)
    __initial_sp                             0x20001b68   Data           0  startup_stm32f40_41xxx.o(STACK)



==============================================================================

Memory Map of the image

  Image Entry point : 0x08000189

  Load Region LR_IROM1 (Base: 0x08000000, Size: 0x00006858, Max: 0x00080000, ABSOLUTE)

    Execution Region ER_IROM1 (Exec base: 0x08000000, Load base: 0x08000000, Size: 0x000067f4, Max: 0x00080000, ABSOLUTE)

    Exec Addr    Load Addr    Size         Type   Attr      Idx    E Section Name        Object

    0x08000000   0x08000000   0x00000188   Data   RO          896    RESET               startup_stm32f40_41xxx.o
    0x08000188   0x08000188   0x00000000   Code   RO         3698  * .ARM.Collect$$$$00000000  mc_w.l(entry.o)
    0x08000188   0x08000188   0x00000004   Code   RO         3994    .ARM.Collect$$$$00000001  mc_w.l(entry2.o)
    0x0800018c   0x0800018c   0x00000004   Code   RO         3997    .ARM.Collect$$$$00000004  mc_w.l(entry5.o)
    0x08000190   0x08000190   0x00000000   Code   RO         3999    .ARM.Collect$$$$00000008  mc_w.l(entry7b.o)
    0x08000190   0x08000190   0x00000000   Code   RO         4001    .ARM.Collect$$$$0000000A  mc_w.l(entry8b.o)
    0x08000190   0x08000190   0x00000008   Code   RO         4002    .ARM.Collect$$$$0000000B  mc_w.l(entry9a.o)
    0x08000198   0x08000198   0x00000000   Code   RO         4004    .ARM.Collect$$$$0000000D  mc_w.l(entry10a.o)
    0x08000198   0x08000198   0x00000000   Code   RO         4006    .ARM.Collect$$$$0000000F  mc_w.l(entry11a.o)
    0x08000198   0x08000198   0x00000004   Code   RO         3995    .ARM.Collect$$$$00002712  mc_w.l(entry2.o)
    0x0800019c   0x0800019c   0x00000024   Code   RO          897    .text               startup_stm32f40_41xxx.o
    0x080001c0   0x080001c0   0x00000024   Code   RO         3701    .text               mc_w.l(memcpya.o)
    0x080001e4   0x080001e4   0x00000024   Code   RO         3703    .text               mc_w.l(memseta.o)
    0x08000208   0x08000208   0x00000024   Code   RO         3705    .text               mc_w.l(strstr.o)
    0x0800022c   0x0800022c   0x00000018   Code   RO         3707    .text               mc_w.l(strncpy.o)
    0x08000244   0x08000244   0x00000014   Code   RO         3709    .text               mc_w.l(strchr.o)
    0x08000258   0x08000258   0x0000000e   Code   RO         3711    .text               mc_w.l(strlen.o)
    0x08000266   0x08000266   0x0000001c   Code   RO         3713    .text               mc_w.l(strcmp.o)
    0x08000282   0x08000282   0x0000001e   Code   RO         3717    .text               mc_w.l(strncmp.o)
    0x080002a0   0x080002a0   0x0000014e   Code   RO         3982    .text               mf_w.l(dadd.o)
    0x080003ee   0x080003ee   0x000000e4   Code   RO         3984    .text               mf_w.l(dmul.o)
    0x080004d2   0x080004d2   0x000000de   Code   RO         3986    .text               mf_w.l(ddiv.o)
    0x080005b0   0x080005b0   0x0000001a   Code   RO         3988    .text               mf_w.l(dfltui.o)
    0x080005ca   0x080005ca   0x00000026   Code   RO         3990    .text               mf_w.l(f2d.o)
    0x080005f0   0x080005f0   0x00000038   Code   RO         3992    .text               mf_w.l(d2f.o)
    0x08000628   0x08000628   0x0000002c   Code   RO         4009    .text               mc_w.l(uidiv.o)
    0x08000654   0x08000654   0x00000062   Code   RO         4011    .text               mc_w.l(uldiv.o)
    0x080006b6   0x080006b6   0x0000001e   Code   RO         4013    .text               mc_w.l(llshl.o)
    0x080006d4   0x080006d4   0x00000024   Code   RO         4015    .text               mc_w.l(llsshr.o)
    0x080006f8   0x080006f8   0x00000000   Code   RO         4017    .text               mc_w.l(iusefp.o)
    0x080006f8   0x080006f8   0x0000006e   Code   RO         4018    .text               mf_w.l(fepilogue.o)
    0x08000766   0x08000766   0x000000ba   Code   RO         4020    .text               mf_w.l(depilogue.o)
    0x08000820   0x08000820   0x00000030   Code   RO         4022    .text               mf_w.l(dfixul.o)
    0x08000850   0x08000850   0x00000030   Code   RO         4024    .text               mf_w.l(cdrcmple.o)
    0x08000880   0x08000880   0x00000024   Code   RO         4026    .text               mc_w.l(init.o)
    0x080008a4   0x080008a4   0x00000020   Code   RO         4028    .text               mc_w.l(llushr.o)
    0x080008c4   0x080008c4   0x00000070   Code   RO          771    i.ADC3_Config       adc.o
    0x08000934   0x08000934   0x00000016   Code   RO          958    i.ADC_Cmd           stm32f4xx_adc.o
    0x0800094a   0x0800094a   0x00000002   PAD
    0x0800094c   0x0800094c   0x00000030   Code   RO          959    i.ADC_CommonInit    stm32f4xx_adc.o
    0x0800097c   0x0800097c   0x00000018   Code   RO          965    i.ADC_DiscModeChannelCountConfig  stm32f4xx_adc.o
    0x08000994   0x08000994   0x00000016   Code   RO          966    i.ADC_DiscModeCmd   stm32f4xx_adc.o
    0x080009aa   0x080009aa   0x00000008   Code   RO          970    i.ADC_GetConversionValue  stm32f4xx_adc.o
    0x080009b2   0x080009b2   0x00000012   Code   RO          971    i.ADC_GetFlagStatus  stm32f4xx_adc.o
    0x080009c4   0x080009c4   0x00000054   Code   RO          978    i.ADC_Init          stm32f4xx_adc.o
    0x08000a18   0x08000a18   0x0000007c   Code   RO          571    i.ADC_LIGHT_OPEN_CLOSE  duoji.o
    0x08000a94   0x08000a94   0x000000b8   Code   RO          983    i.ADC_RegularChannelConfig  stm32f4xx_adc.o
    0x08000b4c   0x08000b4c   0x0000000a   Code   RO          985    i.ADC_SoftwareStartConv  stm32f4xx_adc.o
    0x08000b56   0x08000b56   0x00000004   Code   RO         3432    i.BusFault_Handler  stm32f4xx_it.o
    0x08000b5a   0x08000b5a   0x00000002   PAD
    0x08000b5c   0x08000b5c   0x00000028   Code   RO          632    i.DCMI_D5_pinB6     gpioo.o
    0x08000b84   0x08000b84   0x00000028   Code   RO          633    i.DCMI_D7_pine6     gpioo.o
    0x08000bac   0x08000bac   0x0000002c   Code   RO          215    i.DHT11_Config      dht11.o
    0x08000bd8   0x08000bd8   0x00000024   Code   RO          216    i.DHT11_Mode_IPU    dht11.o
    0x08000bfc   0x08000bfc   0x00000024   Code   RO          217    i.DHT11_Mode_Out_PP  dht11.o
    0x08000c20   0x08000c20   0x00000010   Code   RO          572    i.DUOJI_NI          duoji.o
    0x08000c30   0x08000c30   0x00000010   Code   RO          573    i.DUOJI_SHUN        duoji.o
    0x08000c40   0x08000c40   0x00000010   Code   RO          574    i.DUOJI_STOP        duoji.o
    0x08000c50   0x08000c50   0x00000094   Code   RO          634    i.DUOJI_pin         gpioo.o
    0x08000ce4   0x08000ce4   0x00000002   Code   RO         3433    i.DebugMon_Handler  stm32f4xx_it.o
    0x08000ce6   0x08000ce6   0x00000002   PAD
    0x08000ce8   0x08000ce8   0x00000018   Code   RO         3342    i.Delay_us          systick.o
    0x08000d00   0x08000d00   0x00000078   Code   RO         3507    i.ESP8266_ConnectServer  esp8266.o
    0x08000d78   0x08000d78   0x00000024   Code   RO         3508    i.ESP8266_ExitUnvarnishedTrans  esp8266.o
    0x08000d9c   0x08000d9c   0x00000274   Code   RO         3509    i.ESP8266_Init      esp8266.o
    0x08001010   0x08001010   0x00000040   Code   RO         3510    i.ESP8266_OpenTransmission  esp8266.o
    0x08001050   0x08001050   0x0000004c   Code   RO         3511    i.ESP8266_SendCmd   esp8266.o
    0x0800109c   0x0800109c   0x00000034   Code   RO         3513    i.ESP8266_WaitRecive  esp8266.o
    0x080010d0   0x080010d0   0x00000038   Code   RO         3514    i.ESP8266_memset_RecvBuff  esp8266.o
    0x08001108   0x08001108   0x00000074   Code   RO          772    i.GET_light         adc.o
    0x0800117c   0x0800117c   0x00000090   Code   RO         1199    i.GPIO_Init         stm32f4xx_gpio.o
    0x0800120c   0x0800120c   0x00000046   Code   RO         1200    i.GPIO_PinAFConfig  stm32f4xx_gpio.o
    0x08001252   0x08001252   0x00000012   Code   RO         1203    i.GPIO_ReadInputDataBit  stm32f4xx_gpio.o
    0x08001264   0x08001264   0x00000004   Code   RO         1206    i.GPIO_ResetBits    stm32f4xx_gpio.o
    0x08001268   0x08001268   0x00000004   Code   RO         1207    i.GPIO_SetBits      stm32f4xx_gpio.o
    0x0800126c   0x0800126c   0x00000008   Code   RO         1209    i.GPIO_ToggleBits   stm32f4xx_gpio.o
    0x08001274   0x08001274   0x00000054   Code   RO          825    i.GetLux            light_adc.o
    0x080012c8   0x080012c8   0x00000044   Code   RO          773    i.Get_Adc           adc.o
    0x0800130c   0x0800130c   0x00000054   Code   RO          775    i.Get_Conversion_value  adc.o
    0x08001360   0x08001360   0x00000004   Code   RO         3434    i.HardFault_Handler  stm32f4xx_it.o
    0x08001364   0x08001364   0x0000002a   Code   RO         3118    i.I2C_CheckEvent    stm32f4xx_i2c.o
    0x0800138e   0x0800138e   0x00000018   Code   RO         3121    i.I2C_Cmd           stm32f4xx_i2c.o
    0x080013a6   0x080013a6   0x00000018   Code   RO         3129    i.I2C_GenerateSTART  stm32f4xx_i2c.o
    0x080013be   0x080013be   0x00000018   Code   RO         3130    i.I2C_GenerateSTOP  stm32f4xx_i2c.o
    0x080013d6   0x080013d6   0x00000002   PAD
    0x080013d8   0x080013d8   0x000000e8   Code   RO         3136    i.I2C_Init          stm32f4xx_i2c.o
    0x080014c0   0x080014c0   0x00000010   Code   RO         3143    i.I2C_Send7bitAddress  stm32f4xx_i2c.o
    0x080014d0   0x080014d0   0x00000004   Code   RO         3144    i.I2C_SendData      stm32f4xx_i2c.o
    0x080014d4   0x080014d4   0x0000001e   Code   RO         3147    i.I2C_StructInit    stm32f4xx_i2c.o
    0x080014f2   0x080014f2   0x00000002   PAD
    0x080014f4   0x080014f4   0x00000028   Code   RO          721    i.KEY_config        key.o
    0x0800151c   0x0800151c   0x00000040   Code   RO          347    i.LED_config        led.o
    0x0800155c   0x0800155c   0x00000038   Code   RO          635    i.LED_pin           gpioo.o
    0x08001594   0x08001594   0x00000024   Code   RO         3626    i.MQTT_Clear        mqtt.o
    0x080015b8   0x080015b8   0x000001c8   Code   RO         3627    i.MQTT_Connect      mqtt.o
    0x08001780   0x08001780   0x00000020   Code   RO         3628    i.MQTT_Disconnect   mqtt.o
    0x080017a0   0x080017a0   0x00000154   Code   RO         3629    i.MQTT_PublicTopic  mqtt.o
    0x080018f4   0x080018f4   0x0000008c   Code   RO         3515    i.MQTT_RX_DATE_DEAL  esp8266.o
    0x08001980   0x08001980   0x00000018   Code   RO         3630    i.MQTT_SendData     mqtt.o
    0x08001998   0x08001998   0x0000010c   Code   RO         3632    i.MQTT_SubscribeTopic  mqtt.o
    0x08001aa4   0x08001aa4   0x00000104   Code   RO         3633    i.MQTT_UNSubscribeTopic  mqtt.o
    0x08001ba8   0x08001ba8   0x00000004   Code   RO         3435    i.MemManage_Handler  stm32f4xx_it.o
    0x08001bac   0x08001bac   0x00000002   Code   RO         3436    i.NMI_Handler       stm32f4xx_it.o
    0x08001bae   0x08001bae   0x00000002   PAD
    0x08001bb0   0x08001bb0   0x00000078   Code   RO          904    i.NVIC_Init         misc.o
    0x08001c28   0x08001c28   0x00000030   Code   RO          459    i.OLED_Clear        oled.o
    0x08001c58   0x08001c58   0x00000014   Code   RO          460    i.OLED_Refresh      oled.o
    0x08001c6c   0x08001c6c   0x00000064   Code   RO          462    i.OLED_ShowChar     oled.o
    0x08001cd0   0x08001cd0   0x00000058   Code   RO          463    i.OLED_ShowChinese  oled.o
    0x08001d28   0x08001d28   0x00000068   Code   RO          464    i.OLED_ShowChineseString  oled.o
    0x08001d90   0x08001d90   0x00000052   Code   RO          465    i.OLED_ShowString   oled.o
    0x08001de2   0x08001de2   0x00000002   PAD
    0x08001de4   0x08001de4   0x000000c8   Code   RO          466    i.OLED_WR_Data      oled.o
    0x08001eac   0x08001eac   0x000000a4   Code   RO          576    i.PWM_TIM3_CH1      duoji.o
    0x08001f50   0x08001f50   0x00000002   Code   RO         3437    i.PendSV_Handler    stm32f4xx_it.o
    0x08001f52   0x08001f52   0x00000002   PAD
    0x08001f54   0x08001f54   0x00000020   Code   RO         1300    i.RCC_AHB1PeriphClockCmd  stm32f4xx_rcc.o
    0x08001f74   0x08001f74   0x00000020   Code   RO         1309    i.RCC_APB1PeriphClockCmd  stm32f4xx_rcc.o
    0x08001f94   0x08001f94   0x00000020   Code   RO         1312    i.RCC_APB2PeriphClockCmd  stm32f4xx_rcc.o
    0x08001fb4   0x08001fb4   0x000000e8   Code   RO         1321    i.RCC_GetClocksFreq  stm32f4xx_rcc.o
    0x0800209c   0x0800209c   0x00000064   Code   RO          218    i.Read_Byte         dht11.o
    0x08002100   0x08002100   0x000000d8   Code   RO          219    i.Read_DHT11        dht11.o
    0x080021d8   0x080021d8   0x00000002   Code   RO         3438    i.SVC_Handler       stm32f4xx_it.o
    0x080021da   0x080021da   0x00000002   PAD
    0x080021dc   0x080021dc   0x000000ec   Code   RO          856    i.SetSysClock       system_stm32f4xx.o
    0x080022c8   0x080022c8   0x00000008   Code   RO         3439    i.SysTick_Handler   stm32f4xx_it.o
    0x080022d0   0x080022d0   0x00000068   Code   RO         3343    i.SysTick_Init      systick.o
    0x08002338   0x08002338   0x00000068   Code   RO          858    i.SystemInit        system_stm32f4xx.o
    0x080023a0   0x080023a0   0x00000038   Code   RO          681    i.TIM6_DAC_IRQHandler  tim.o
    0x080023d8   0x080023d8   0x00000018   Code   RO         1702    i.TIM_ARRPreloadConfig  stm32f4xx_tim.o
    0x080023f0   0x080023f0   0x00000006   Code   RO         1709    i.TIM_ClearITPendingBit  stm32f4xx_tim.o
    0x080023f6   0x080023f6   0x00000018   Code   RO         1714    i.TIM_Cmd           stm32f4xx_tim.o
    0x0800240e   0x0800240e   0x00000022   Code   RO         1735    i.TIM_GetITStatus   stm32f4xx_tim.o
    0x08002430   0x08002430   0x0000007c   Code   RO         1743    i.TIM_OC1Init       stm32f4xx_tim.o
    0x080024ac   0x080024ac   0x00000012   Code   RO         1746    i.TIM_OC1PreloadConfig  stm32f4xx_tim.o
    0x080024be   0x080024be   0x00000004   Code   RO         1776    i.TIM_SetCompare1   stm32f4xx_tim.o
    0x080024c2   0x080024c2   0x00000002   PAD
    0x080024c4   0x080024c4   0x00000084   Code   RO         1786    i.TIM_TimeBaseInit  stm32f4xx_tim.o
    0x08002548   0x08002548   0x00000018   Code   RO         3344    i.TimingDelay_Decrement  systick.o
    0x08002560   0x08002560   0x000000c0   Code   RO            4    i.UART1_Config      uart.o
    0x08002620   0x08002620   0x000000ac   Code   RO            5    i.UART2_Config      uart.o
    0x080026cc   0x080026cc   0x000000b8   Code   RO            6    i.UART3_Config      uart.o
    0x08002784   0x08002784   0x000000a0   Code   RO            7    i.USART1_IRQHandler  uart.o
    0x08002824   0x08002824   0x00000068   Code   RO            8    i.USART2_IRQHandler  uart.o
    0x0800288c   0x0800288c   0x0000007c   Code   RO         3516    i.USART3_IRQHandler  esp8266.o
    0x08002908   0x08002908   0x0000001e   Code   RO         2265    i.USART_ClearITPendingBit  stm32f4xx_usart.o
    0x08002926   0x08002926   0x00000018   Code   RO         2268    i.USART_Cmd         stm32f4xx_usart.o
    0x0800293e   0x0800293e   0x0000001a   Code   RO         2271    i.USART_GetFlagStatus  stm32f4xx_usart.o
    0x08002958   0x08002958   0x00000054   Code   RO         2272    i.USART_GetITStatus  stm32f4xx_usart.o
    0x080029ac   0x080029ac   0x0000004a   Code   RO         2274    i.USART_ITConfig    stm32f4xx_usart.o
    0x080029f6   0x080029f6   0x00000002   PAD
    0x080029f8   0x080029f8   0x000000d4   Code   RO         2275    i.USART_Init        stm32f4xx_usart.o
    0x08002acc   0x08002acc   0x0000000a   Code   RO         2282    i.USART_ReceiveData  stm32f4xx_usart.o
    0x08002ad6   0x08002ad6   0x00000008   Code   RO         2285    i.USART_SendData    stm32f4xx_usart.o
    0x08002ade   0x08002ade   0x00000004   Code   RO         3440    i.UsageFault_Handler  stm32f4xx_it.o
    0x08002ae2   0x08002ae2   0x00000030   Code   RO            9    i.Usart_SendArray   uart.o
    0x08002b12   0x08002b12   0x0000001e   Code   RO           10    i.Usart_SendByte    uart.o
    0x08002b30   0x08002b30   0x0000002a   Code   RO           13    i.Usart_SendString  uart.o
    0x08002b5a   0x08002b5a   0x00000002   PAD
    0x08002b5c   0x08002b5c   0x00000020   Code   RO         3954    i.__0printf         mc_w.l(printfa.o)
    0x08002b7c   0x08002b7c   0x00000028   Code   RO         3956    i.__0sprintf        mc_w.l(printfa.o)
    0x08002ba4   0x08002ba4   0x0000000e   Code   RO         4032    i.__scatterload_copy  mc_w.l(handlers.o)
    0x08002bb2   0x08002bb2   0x00000002   Code   RO         4033    i.__scatterload_null  mc_w.l(handlers.o)
    0x08002bb4   0x08002bb4   0x0000000e   Code   RO         4034    i.__scatterload_zeroinit  mc_w.l(handlers.o)
    0x08002bc2   0x08002bc2   0x00000002   PAD
    0x08002bc4   0x08002bc4   0x00000184   Code   RO         3961    i._fp_digits        mc_w.l(printfa.o)
    0x08002d48   0x08002d48   0x000006dc   Code   RO         3962    i._printf_core      mc_w.l(printfa.o)
    0x08003424   0x08003424   0x00000024   Code   RO         3963    i._printf_post_padding  mc_w.l(printfa.o)
    0x08003448   0x08003448   0x0000002e   Code   RO         3964    i._printf_pre_padding  mc_w.l(printfa.o)
    0x08003476   0x08003476   0x0000000a   Code   RO         3966    i._sputc            mc_w.l(printfa.o)
    0x08003480   0x08003480   0x00000230   Code   RO         3517    i.displayWeatherInfoOnOLED  esp8266.o
    0x080036b0   0x080036b0   0x000000cc   Code   RO         3518    i.extract_humidity  esp8266.o
    0x0800377c   0x0800377c   0x000000cc   Code   RO         3519    i.extract_temperature_str  esp8266.o
    0x08003848   0x08003848   0x000000c0   Code   RO         3520    i.extract_weather   esp8266.o
    0x08003908   0x08003908   0x00000024   Code   RO           15    i.fputc             uart.o
    0x0800392c   0x0800392c   0x00000044   Code   RO          468    i.getChineseIndex   oled.o
    0x08003970   0x08003970   0x00000160   Code   RO          220    i.get_dht11_data    dht11.o
    0x08003ad0   0x08003ad0   0x0000002c   Code   RO          389    i.i2c1_get_ack      hardiic.o
    0x08003afc   0x08003afc   0x00000088   Code   RO          391    i.i2c1_init         hardiic.o
    0x08003b84   0x08003b84   0x00000014   Code   RO          392    i.i2c1_put_byte_data  hardiic.o
    0x08003b98   0x08003b98   0x0000004c   Code   RO          393    i.i2c1_put_devaddr  hardiic.o
    0x08003be4   0x08003be4   0x00000038   Code   RO          395    i.i2c1_start        hardiic.o
    0x08003c1c   0x08003c1c   0x00000010   Code   RO          396    i.i2c1_stop         hardiic.o
    0x08003c2c   0x08003c2c   0x00000130   Code   RO         3384    i.main              main.o
    0x08003d5c   0x08003d5c   0x00000040   Code   RO          469    i.oled_init         oled.o
    0x08003d9c   0x08003d9c   0x000000ac   Code   RO         3521    i.restart_ESP8266   esp8266.o
    0x08003e48   0x08003e48   0x00000354   Code   RO         3522    i.use_AT            esp8266.o
    0x0800419c   0x0800419c   0x0000075c   Data   RO          472    .constdata          oled.o
    0x080048f8   0x080048f8   0x000017c0   Data   RO          558    .constdata          oledfont.o
    0x080060b8   0x080060b8   0x00000464   Data   RO          826    .constdata          light_adc.o
    0x0800651c   0x0800651c   0x00000083   Data   RO          473    .conststring        oled.o
    0x0800659f   0x0800659f   0x00000001   PAD
    0x080065a0   0x080065a0   0x000000b0   Data   RO         3524    .conststring        esp8266.o
    0x08006650   0x08006650   0x00000183   Data   RO         3635    .conststring        mqtt.o
    0x080067d3   0x080067d3   0x00000001   PAD
    0x080067d4   0x080067d4   0x00000020   Data   RO         4030    Region$$Table       anon$$obj.o


    Execution Region RW_IRAM1 (Exec base: 0x20000000, Load base: 0x080067f4, Size: 0x00001b68, Max: 0x00020000, ABSOLUTE)

    Exec Addr    Load Addr    Size         Type   Attr      Idx    E Section Name        Object

    0x20000000   0x080067f4   0x00000003   Data   RW           17    .data               uart.o
    0x20000003   0x080067f7   0x00000005   Data   RW          222    .data               dht11.o
    0x20000008   0x080067fc   0x00000004   Data   RW          397    .data               hardiic.o
    0x2000000c   0x08006800   0x00000001   Data   RW          577    .data               duoji.o
    0x2000000d   0x08006801   0x00000003   PAD
    0x20000010   0x08006804   0x00000008   Data   RW          636    .data               gpioo.o
    0x20000018   0x0800680c   0x00000004   Data   RW          682    .data               tim.o
    0x2000001c   0x08006810   0x00000009   Data   RW          776    .data               adc.o
    0x20000025   0x08006819   0x00000003   PAD
    0x20000028   0x0800681c   0x00000014   Data   RW          859    .data               system_stm32f4xx.o
    0x2000003c   0x08006830   0x00000010   Data   RW         1353    .data               stm32f4xx_rcc.o
    0x2000004c   0x08006840   0x00000004   Data   RW         3345    .data               systick.o
    0x20000050   0x08006844   0x0000000c   Data   RW         3525    .data               esp8266.o
    0x2000005c   0x08006850   0x00000004   Data   RW         3636    .data               mqtt.o
    0x20000060   0x08006854   0x00000004   Data   RW         4008    .data               mc_w.l(stdout.o)
    0x20000064        -       0x00000600   Zero   RW           16    .bss                uart.o
    0x20000664        -       0x00000400   Zero   RW          471    .bss                oled.o
    0x20000a64        -       0x00000b00   Zero   RW         3523    .bss                esp8266.o
    0x20001564        -       0x00000200   Zero   RW         3634    .bss                mqtt.o
    0x20001764   0x08006858   0x00000004   PAD
    0x20001768        -       0x00000400   Zero   RW          894    STACK               startup_stm32f40_41xxx.o


==============================================================================

Image component sizes


      Code (inc. data)   RO Data    RW Data    ZI Data      Debug   Object Name

       380         56          0          9          0       2983   adc.o
       784        110          0          5          0       6779   dht11.o
       336         32          0          1          0       3868   duoji.o
      3480       1804        176         12       2816      10942   esp8266.o
       284         38          0          8          0       2271   gpioo.o
       348         60          0          4          0       3460   hardiic.o
        40          6          0          0          0        493   key.o
        64          6          0          0          0        509   led.o
        84         10       1124          0          0       1478   light_adc.o
       304         90          0          0          0        599   main.o
       120         14          0          0          0       1116   misc.o
      1416        274        387          4        512       4898   mqtt.o
       774        146       2015          0       1024       6597   oled.o
         0          0       6080          0          0        827   oledfont.o
        36          8        392          0       1024        920   startup_stm32f40_41xxx.o
       420         24          0          0          0       7217   stm32f4xx_adc.o
       248          0          0          0          0       4397   stm32f4xx_gpio.o
       396         14          0          0          0       5763   stm32f4xx_i2c.o
        32          0          0          0          0       3906   stm32f4xx_it.o
       328         36          0         16          0       4899   stm32f4xx_rcc.o
       366         38          0          0          0       5945   stm32f4xx_tim.o
       468          8          0          0          0       6519   stm32f4xx_usart.o
       340         32          0         20          0       2113   system_stm32f4xx.o
       152         26          0          4          0      28217   systick.o
        56         10          0          4          0        693   tim.o
       968        102          0          3       1536     321168   uart.o

    ----------------------------------------------------------------------
     12248       2944      10208         96       6916     438577   Object Totals
         0          0         32          0          0          0   (incl. Generated)
        24          0          2          6          4          0   (incl. Padding)

    ----------------------------------------------------------------------

      Code (inc. data)   RO Data    RW Data    ZI Data      Debug   Library Member Name

         0          0          0          0          0          0   entry.o
         0          0          0          0          0          0   entry10a.o
         0          0          0          0          0          0   entry11a.o
         8          4          0          0          0          0   entry2.o
         4          0          0          0          0          0   entry5.o
         0          0          0          0          0          0   entry7b.o
         0          0          0          0          0          0   entry8b.o
         8          4          0          0          0          0   entry9a.o
        30          0          0          0          0          0   handlers.o
        36          8          0          0          0         68   init.o
         0          0          0          0          0          0   iusefp.o
        30          0          0          0          0         68   llshl.o
        36          0          0          0          0         68   llsshr.o
        32          0          0          0          0         68   llushr.o
        36          0          0          0          0         68   memcpya.o
        36          0          0          0          0        108   memseta.o
      2308         96          0          0          0        604   printfa.o
         0          0          0          4          0          0   stdout.o
        20          0          0          0          0         68   strchr.o
        28          0          0          0          0         76   strcmp.o
        14          0          0          0          0         68   strlen.o
        30          0          0          0          0         80   strncmp.o
        24          0          0          0          0         76   strncpy.o
        36          0          0          0          0         80   strstr.o
        44          0          0          0          0         80   uidiv.o
        98          0          0          0          0         92   uldiv.o
        48          0          0          0          0         68   cdrcmple.o
        56          0          0          0          0         88   d2f.o
       334          0          0          0          0        148   dadd.o
       222          0          0          0          0        100   ddiv.o
       186          0          0          0          0        176   depilogue.o
        48          0          0          0          0         68   dfixul.o
        26          0          0          0          0         76   dfltui.o
       228          0          0          0          0         96   dmul.o
        38          0          0          0          0         68   f2d.o
       110          0          0          0          0        168   fepilogue.o

    ----------------------------------------------------------------------
      4156        112          0          4          0       2728   Library Totals
         2          0          0          0          0          0   (incl. Padding)

    ----------------------------------------------------------------------

      Code (inc. data)   RO Data    RW Data    ZI Data      Debug   Library Name

      2858        112          0          4          0       1672   mc_w.l
      1296          0          0          0          0       1056   mf_w.l

    ----------------------------------------------------------------------
      4156        112          0          4          0       2728   Library Totals

    ----------------------------------------------------------------------

==============================================================================


      Code (inc. data)   RO Data    RW Data    ZI Data      Debug   

     16404       3056      10208        100       6916     427953   Grand Totals
     16404       3056      10208        100       6916     427953   ELF Image Totals
     16404       3056      10208        100          0          0   ROM Totals

==============================================================================

    Total RO  Size (Code + RO Data)                26612 (  25.99kB)
    Total RW  Size (RW Data + ZI Data)              7016 (   6.85kB)
    Total ROM Size (Code + RO Data + RW Data)      26712 (  26.09kB)

==============================================================================

