<html>
<body>
<pre>
<h1>µVision Build Log</h1>
<h2>Tool Versions:</h2>
IDE-Version: ¦ÌVision V5.28.0.0
Copyright (C) 2019 ARM Ltd and ARM Germany GmbH. All rights reserved.
License Information: 1 1, 1, LIC=SDA0P-MUMT6-IIJ5V-PIR83-D5AIQ-AAT07
 
Tool Versions:
Toolchain:       MDK-ARM Plus  Version: 5.28.0.0
Toolchain Path:  D:\MKD528\CORE\ARM\ARMCC\Bin
C Compiler:      Armcc.exe V5.06 update 6 (build 750)
Assembler:       Armasm.exe V5.06 update 6 (build 750)
Linker/Locator:  ArmLink.exe V5.06 update 6 (build 750)
Library Manager: ArmAr.exe V5.06 update 6 (build 750)
Hex Converter:   FromElf.exe V5.06 update 6 (build 750)
CPU DLL:         SARMCM3.DLL V5.28.0.0
Dialog DLL:      DCM.DLL V1.17.3.0
Target DLL:      Segger\JL2CM3.dll V2.99.36.0
Dialog DLL:      TCM.DLL V1.36.2.0
 
<h2>Project:</h2>
F:\koustm32\PROJECT\test\test\User\Template.uvprojx
Project File Date:  08/23/2024

<h2>Output:</h2>
*** Using Compiler 'V5.06 update 6 (build 750)', folder: 'D:\MKD528\CORE\ARM\ARMCC\Bin'
Rebuild target 'LED'
compiling OLEDFONT.c...
..\HardWare\OLEDFONT.c(572): warning:  #1-D: last line of file ends without a newline
  #endif
..\HardWare\OLEDFONT.c: 1 warning, 0 errors
compiling tim.c...
compiling uart.c...
compiling ADC.c...
compiling DUOJI.c...
compiling HARDIIC.c...
assembling startup_stm32f40_41xxx.s...
compiling led.c...
compiling key.c...
compiling OLED.c...
compiling DHT11.c...
..\HardWare\DHT11.c(186): warning:  #177-D: variable "temp_str"  was declared but never referenced
  	char temp_str[20];  // ÓÃÓÚ´æ´¢ÎÂ¶È×Ö·û´®
..\HardWare\DHT11.c: 1 warning, 0 errors
compiling GPIOO.c...
compiling light_adc.c...
compiling system_stm32f4xx.c...
compiling misc.c...
compiling stm32f4xx_gpio.c...
compiling stm32f4xx_adc.c...
compiling stm32f4xx_syscfg.c...
compiling stm32f4xx_iwdg.c...
compiling stm32f4xx_rcc.c...
compiling stm32f4xx_exti.c...
compiling stm32f4xx_usart.c...
compiling stm32f4xx_wwdg.c...
compiling stm32f4xx_tim.c...
compiling stm32f4xx_pwr.c...
compiling stm32f4xx_rtc.c...
compiling systick.c...
compiling stm32f4xx_i2c.c...
compiling stm32f4xx_it.c...
compiling main.c...
compiling mqtt.c...
compiling esp8266.c...
linking...
Program Size: Code=16404 RO-data=10208 RW-data=100 ZI-data=6916  
FromELF: creating hex file...
".\Objects\Template.axf" - 0 Error(s), 2 Warning(s).

<h2>Software Packages used:</h2>

Package Vendor: Keil
                https://www.keil.com/pack/Keil.STM32F4xx_DFP.2.17.1.pack
                Keil.STM32F4xx_DFP.2.17.1
                STMicroelectronics STM32F4 Series Device Support, Drivers and Examples

<h2>Collection of Component include folders:</h2>
  .\RTE\_LED
  D:\MKD528\Packs\Keil\STM32F4xx_DFP\2.17.1\Drivers\CMSIS\Device\ST\STM32F4xx\Include

<h2>Collection of Component Files used:</h2>
Build Time Elapsed:  00:00:03
</pre>
</body>
</html>
